../Core/Src/main.c:62:6:red_LED_task	16	static
../Core/Src/main.c:69:6:green_LED_task	16	static
../Core/Src/main.c:76:6:task1	16	static
../Core/Src/main.c:83:6:task2	16	static
../Core/Src/main.c:89:6:task3	16	static
../Core/Src/main.c:95:6:print_task	16	static
../Core/Src/main.c:106:5:main	16	static
../Core/Src/main.c:158:6:SystemClock_Config	88	static
../Core/Src/main.c:205:13:MX_USART2_UART_Init	8	static
../Core/Src/main.c:238:13:MX_GPIO_Init	56	static
../Core/Src/main.c:387:6:HAL_TIM_PeriodElapsedCallback	16	static
../Core/Src/main.c:404:6:Error_Handler	4	static,ignoring_inline_asm
