../Core/Src/main.c:89:5:main	16	static
../Core/Src/main.c:161:6:SystemClock_Config	88	static
../Core/Src/main.c:207:13:MX_CRC_Init	8	static
../Core/Src/main.c:234:13:MX_I2S2_Init	8	static
../Core/Src/main.c:268:13:MX_USART2_UART_Init	8	static
../Core/Src/main.c:299:13:MX_DMA_Init	16	static
../Core/Src/main.c:317:13:MX_GPIO_Init	56	static
../Core/Src/main.c:440:6:HAL_I2S_RxHalfCpltCallback	16	static
../Core/Src/main.c:457:6:HAL_I2S_RxCpltCallback	16	static
../Core/Src/main.c:481:6:HAL_TIM_PeriodElapsedCallback	16	static
../Core/Src/main.c:498:6:Error_Handler	4	static,ignoring_inline_asm
