../Core/Src/main.c:91:5:main	16	static
../Core/Src/main.c:197:6:SystemClock_Config	88	static
../Core/Src/main.c:243:13:MX_CRC_Init	8	static
../Core/Src/main.c:270:13:MX_I2S2_Init	8	static
../Core/Src/main.c:304:13:MX_USART2_UART_Init	8	static
../Core/Src/main.c:335:13:MX_DMA_Init	16	static
../Core/Src/main.c:353:13:MX_GPIO_Init	56	static
../Core/Src/main.c:476:6:HAL_I2S_RxHalfCpltCallback	16	static
../Core/Src/main.c:493:6:HAL_I2S_RxCpltCallback	16	static
../Core/Src/main.c:517:6:HAL_TIM_PeriodElapsedCallback	16	static
../Core/Src/main.c:534:6:Error_Handler	4	static,ignoring_inline_asm
