Archive member included to satisfy reference by file (symbol)

C:/ST/STM32CubeIDE_1.17.0/STM32CubeIDE/plugins/com.st.stm32cube.ide.mcu.externaltools.gnu-tools-for-stm32.12.3.rel1.win32_1.1.0.202410251130/tools/bin/../lib/gcc/arm-none-eabi/12.3.1/../../../../arm-none-eabi/lib/thumb/v7e-m+fp/hard\libc_nano.a(libc_a-exit.o)
                              C:/ST/STM32CubeIDE_1.17.0/STM32CubeIDE/plugins/com.st.stm32cube.ide.mcu.externaltools.gnu-tools-for-stm32.12.3.rel1.win32_1.1.0.202410251130/tools/bin/../lib/gcc/arm-none-eabi/12.3.1/../../../../arm-none-eabi/lib/thumb/v7e-m+fp/hard/crt0.o (exit)
C:/ST/STM32CubeIDE_1.17.0/STM32CubeIDE/plugins/com.st.stm32cube.ide.mcu.externaltools.gnu-tools-for-stm32.12.3.rel1.win32_1.1.0.202410251130/tools/bin/../lib/gcc/arm-none-eabi/12.3.1/../../../../arm-none-eabi/lib/thumb/v7e-m+fp/hard\libc_nano.a(libc_a-findfp.o)
                              C:/ST/STM32CubeIDE_1.17.0/STM32CubeIDE/plugins/com.st.stm32cube.ide.mcu.externaltools.gnu-tools-for-stm32.12.3.rel1.win32_1.1.0.202410251130/tools/bin/../lib/gcc/arm-none-eabi/12.3.1/../../../../arm-none-eabi/lib/thumb/v7e-m+fp/hard\libc_nano.a(libc_a-exit.o) (__stdio_exit_handler)
C:/ST/STM32CubeIDE_1.17.0/STM32CubeIDE/plugins/com.st.stm32cube.ide.mcu.externaltools.gnu-tools-for-stm32.12.3.rel1.win32_1.1.0.202410251130/tools/bin/../lib/gcc/arm-none-eabi/12.3.1/../../../../arm-none-eabi/lib/thumb/v7e-m+fp/hard\libc_nano.a(libc_a-fwalk.o)
                              C:/ST/STM32CubeIDE_1.17.0/STM32CubeIDE/plugins/com.st.stm32cube.ide.mcu.externaltools.gnu-tools-for-stm32.12.3.rel1.win32_1.1.0.202410251130/tools/bin/../lib/gcc/arm-none-eabi/12.3.1/../../../../arm-none-eabi/lib/thumb/v7e-m+fp/hard\libc_nano.a(libc_a-findfp.o) (_fwalk_sglue)
C:/ST/STM32CubeIDE_1.17.0/STM32CubeIDE/plugins/com.st.stm32cube.ide.mcu.externaltools.gnu-tools-for-stm32.12.3.rel1.win32_1.1.0.202410251130/tools/bin/../lib/gcc/arm-none-eabi/12.3.1/../../../../arm-none-eabi/lib/thumb/v7e-m+fp/hard\libc_nano.a(libc_a-stdio.o)
                              C:/ST/STM32CubeIDE_1.17.0/STM32CubeIDE/plugins/com.st.stm32cube.ide.mcu.externaltools.gnu-tools-for-stm32.12.3.rel1.win32_1.1.0.202410251130/tools/bin/../lib/gcc/arm-none-eabi/12.3.1/../../../../arm-none-eabi/lib/thumb/v7e-m+fp/hard\libc_nano.a(libc_a-findfp.o) (__sread)
C:/ST/STM32CubeIDE_1.17.0/STM32CubeIDE/plugins/com.st.stm32cube.ide.mcu.externaltools.gnu-tools-for-stm32.12.3.rel1.win32_1.1.0.202410251130/tools/bin/../lib/gcc/arm-none-eabi/12.3.1/../../../../arm-none-eabi/lib/thumb/v7e-m+fp/hard\libc_nano.a(libc_a-memset.o)
                              C:/ST/STM32CubeIDE_1.17.0/STM32CubeIDE/plugins/com.st.stm32cube.ide.mcu.externaltools.gnu-tools-for-stm32.12.3.rel1.win32_1.1.0.202410251130/tools/bin/../lib/gcc/arm-none-eabi/12.3.1/../../../../arm-none-eabi/lib/thumb/v7e-m+fp/hard/crt0.o (memset)
C:/ST/STM32CubeIDE_1.17.0/STM32CubeIDE/plugins/com.st.stm32cube.ide.mcu.externaltools.gnu-tools-for-stm32.12.3.rel1.win32_1.1.0.202410251130/tools/bin/../lib/gcc/arm-none-eabi/12.3.1/../../../../arm-none-eabi/lib/thumb/v7e-m+fp/hard\libc_nano.a(libc_a-closer.o)
                              C:/ST/STM32CubeIDE_1.17.0/STM32CubeIDE/plugins/com.st.stm32cube.ide.mcu.externaltools.gnu-tools-for-stm32.12.3.rel1.win32_1.1.0.202410251130/tools/bin/../lib/gcc/arm-none-eabi/12.3.1/../../../../arm-none-eabi/lib/thumb/v7e-m+fp/hard\libc_nano.a(libc_a-stdio.o) (_close_r)
C:/ST/STM32CubeIDE_1.17.0/STM32CubeIDE/plugins/com.st.stm32cube.ide.mcu.externaltools.gnu-tools-for-stm32.12.3.rel1.win32_1.1.0.202410251130/tools/bin/../lib/gcc/arm-none-eabi/12.3.1/../../../../arm-none-eabi/lib/thumb/v7e-m+fp/hard\libc_nano.a(libc_a-reent.o)
                              C:/ST/STM32CubeIDE_1.17.0/STM32CubeIDE/plugins/com.st.stm32cube.ide.mcu.externaltools.gnu-tools-for-stm32.12.3.rel1.win32_1.1.0.202410251130/tools/bin/../lib/gcc/arm-none-eabi/12.3.1/../../../../arm-none-eabi/lib/thumb/v7e-m+fp/hard\libc_nano.a(libc_a-closer.o) (errno)
C:/ST/STM32CubeIDE_1.17.0/STM32CubeIDE/plugins/com.st.stm32cube.ide.mcu.externaltools.gnu-tools-for-stm32.12.3.rel1.win32_1.1.0.202410251130/tools/bin/../lib/gcc/arm-none-eabi/12.3.1/../../../../arm-none-eabi/lib/thumb/v7e-m+fp/hard\libc_nano.a(libc_a-impure.o)
                              C:/ST/STM32CubeIDE_1.17.0/STM32CubeIDE/plugins/com.st.stm32cube.ide.mcu.externaltools.gnu-tools-for-stm32.12.3.rel1.win32_1.1.0.202410251130/tools/bin/../lib/gcc/arm-none-eabi/12.3.1/../../../../arm-none-eabi/lib/thumb/v7e-m+fp/hard\libc_nano.a(libc_a-reent.o) (_impure_ptr)
C:/ST/STM32CubeIDE_1.17.0/STM32CubeIDE/plugins/com.st.stm32cube.ide.mcu.externaltools.gnu-tools-for-stm32.12.3.rel1.win32_1.1.0.202410251130/tools/bin/../lib/gcc/arm-none-eabi/12.3.1/../../../../arm-none-eabi/lib/thumb/v7e-m+fp/hard\libc_nano.a(libc_a-lseekr.o)
[...]
Memory Configuration

Name             Origin             Length             Attributes
CCMRAM           0x10000000         0x00010000         xrw
RAM              0x20000000         0x00020000         xrw
FLASH            0x08000000         0x00100000         xr
*default*        0x00000000         0xffffffff

Linker script and memory map

LOAD C:/ST/STM32CubeIDE_1.17.0/STM32CubeIDE/plugins/com.st.stm32cube.ide.mcu.externaltools.gnu-tools-for-stm32.12.3.rel1.win32_1.1.0.202410251130/tools/bin/../lib/gcc/arm-none-eabi/12.3.1/thumb/v7e-m+fp/hard/crti.o
LOAD C:/ST/STM32CubeIDE_1.17.0/STM32CubeIDE/plugins/com.st.stm32cube.ide.mcu.externaltools.gnu-tools-for-stm32.12.3.rel1.win32_1.1.0.202410251130/tools/bin/../lib/gcc/arm-none-eabi/12.3.1/thumb/v7e-m+fp/hard/crtbegin.o
LOAD C:/ST/STM32CubeIDE_1.17.0/STM32CubeIDE/plugins/com.st.stm32cube.ide.mcu.externaltools.gnu-tools-for-stm32.12.3.rel1.win32_1.1.0.202410251130/tools/bin/../lib/gcc/arm-none-eabi/12.3.1/../../../../arm-none-eabi/lib/thumb/v7e-m+fp/hard/crt0.o
LOAD ./Core/Src/main.o
LOAD ./Core/Src/stm32f4xx_hal_msp.o
LOAD ./Core/Src/stm32f4xx_hal_timebase_tim.o
LOAD ./Core/Src/stm32f4xx_it.o
LOAD ./Core/Src/syscalls.o
LOAD ./Core/Src/sysmem.o
LOAD ./Core/Src/system_stm32f4xx.o
LOAD ./Core/Startup/startup_stm32f407vgtx.o
LOAD ./Drivers/STM32F4xx_HAL_Driver/Src/stm32f4xx_hal.o
LOAD ./Drivers/STM32F4xx_HAL_Driver/Src/stm32f4xx_hal_cortex.o
LOAD ./Drivers/STM32F4xx_HAL_Driver/Src/stm32f4xx_hal_dma.o
LOAD ./Drivers/STM32F4xx_HAL_Driver/Src/stm32f4xx_hal_dma_ex.o
LOAD ./Drivers/STM32F4xx_HAL_Driver/Src/stm32f4xx_hal_exti.o
LOAD ./Drivers/STM32F4xx_HAL_Driver/Src/stm32f4xx_hal_flash.o
LOAD ./Drivers/STM32F4xx_HAL_Driver/Src/stm32f4xx_hal_flash_ex.o
LOAD ./Drivers/STM32F4xx_HAL_Driver/Src/stm32f4xx_hal_flash_ramfunc.o
LOAD ./Drivers/STM32F4xx_HAL_Driver/Src/stm32f4xx_hal_gpio.o
LOAD ./Drivers/STM32F4xx_HAL_Driver/Src/stm32f4xx_hal_pwr.o
LOAD ./Drivers/STM32F4xx_HAL_Driver/Src/stm32f4xx_hal_pwr_ex.o
LOAD ./Drivers/STM32F4xx_HAL_Driver/Src/stm32f4xx_hal_rcc.o
LOAD ./Drivers/STM32F4xx_HAL_Driver/Src/stm32f4xx_hal_rcc_ex.o
LOAD ./Drivers/STM32F4xx_HAL_Driver/Src/stm32f4xx_hal_spi.o
LOAD ./Drivers/STM32F4xx_HAL_Driver/Src/stm32f4xx_hal_tim.o
LOAD ./Drivers/STM32F4xx_HAL_Driver/Src/stm32f4xx_hal_tim_ex.o
LOAD ./FreeRTOS/croutine.o
LOAD ./FreeRTOS/event_groups.o
LOAD ./FreeRTOS/list.o
LOAD ./FreeRTOS/queue.o
LOAD ./FreeRTOS/stream_buffer.o
LOAD ./FreeRTOS/tasks.o
LOAD ./FreeRTOS/timers.o
LOAD ./FreeRTOS/portable/ARM_CM4F/port.o
LOAD ./FreeRTOS/portable/MemMang/heap_4.o
START GROUP
LOAD C:/ST/STM32CubeIDE_1.17.0/STM32CubeIDE/plugins/com.st.stm32cube.ide.mcu.externaltools.gnu-tools-for-stm32.12.3.rel1.win32_1.1.0.202410251130/tools/bin/../lib/gcc/arm-none-eabi/12.3.1/../../../../arm-none-eabi/lib/thumb/v7e-m+fp/hard\libc_nano.a
LOAD C:/ST/STM32CubeIDE_1.17.0/STM32CubeIDE/plugins/com.st.stm32cube.ide.mcu.externaltools.gnu-tools-for-stm32.12.3.rel1.win32_1.1.0.202410251130/tools/bin/../lib/gcc/arm-none-eabi/12.3.1/../../../../arm-none-eabi/lib/thumb/v7e-m+fp/hard\libm.a
END GROUP
START GROUP
LOAD C:/ST/STM32CubeIDE_1.17.0/STM32CubeIDE/plugins/com.st.stm32cube.ide.mcu.externaltools.gnu-tools-for-stm32.12.3.rel1.win32_1.1.0.202410251130/tools/bin/../lib/gcc/arm-none-eabi/12.3.1/thumb/v7e-m+fp/hard\libgcc.a
LOAD C:/ST/STM32CubeIDE_1.17.0/STM32CubeIDE/plugins/com.st.stm32cube.ide.mcu.externaltools.gnu-tools-for-stm32.12.3.rel1.win32_1.1.0.202410251130/tools/bin/../lib/gcc/arm-none-eabi/12.3.1/../../../../arm-none-eabi/lib/thumb/v7e-m+fp/hard\libc_nano.a
END GROUP
START GROUP
LOAD C:/ST/STM32CubeIDE_1.17.0/STM32CubeIDE/plugins/com.st.stm32cube.ide.mcu.externaltools.gnu-tools-for-stm32.12.3.rel1.win32_1.1.0.202410251130/tools/bin/../lib/gcc/arm-none-eabi/12.3.1/thumb/v7e-m+fp/hard\libgcc.a
LOAD C:/ST/STM32CubeIDE_1.17.0/STM32CubeIDE/plugins/com.st.stm32cube.ide.mcu.externaltools.gnu-tools-for-stm32.12.3.rel1.win32_1.1.0.202410251130/tools/bin/../lib/gcc/arm-none-eabi/12.3.1/../../../../arm-none-eabi/lib/thumb/v7e-m+fp/hard\libc_nano.a
LOAD C:/ST/STM32CubeIDE_1.17.0/STM32CubeIDE/plugins/com.st.stm32cube.ide.mcu.externaltools.gnu-tools-for-stm32.12.3.rel1.win32_1.1.0.202410251130/tools/bin/../lib/gcc/arm-none-eabi/12.3.1/../../../../arm-none-eabi/lib/thumb/v7e-m+fp/hard\libnosys.a
END GROUP
START GROUP
LOAD C:/ST/STM32CubeIDE_1.17.0/STM32CubeIDE/plugins/com.st.stm32cube.ide.mcu.externaltools.gnu-tools-for-stm32.12.3.rel1.win32_1.1.0.202410251130/tools/bin/../lib/gcc/arm-none-eabi/12.3.1/thumb/v7e-m+fp/hard\libgcc.a
LOAD C:/ST/STM32CubeIDE_1.17.0/STM32CubeIDE/plugins/com.st.stm32cube.ide.mcu.externaltools.gnu-tools-for-stm32.12.3.rel1.win32_1.1.0.202410251130/tools/bin/../lib/gcc/arm-none-eabi/12.3.1/../../../../arm-none-eabi/lib/thumb/v7e-m+fp/hard\libc_nano.a
LOAD C:/ST/STM32CubeIDE_1.17.0/STM32CubeIDE/plugins/com.st.stm32cube.ide.mcu.externaltools.gnu-tools-for-stm32.12.3.rel1.win32_1.1.0.202410251130/tools/bin/../lib/gcc/arm-none-eabi/12.3.1/../../../../arm-none-eabi/lib/thumb/v7e-m+fp/hard\libnosys.a
END GROUP
LOAD C:/ST/STM32CubeIDE_1.17.0/STM32CubeIDE/plugins/com.st.stm32cube.ide.mcu.externaltools.gnu-tools-for-stm32.12.3.rel1.win32_1.1.0.202410251130/tools/bin/../lib/gcc/arm-none-eabi/12.3.1/thumb/v7e-m+fp/hard/crtend.o
LOAD C:/ST/STM32CubeIDE_1.17.0/STM32CubeIDE/plugins/com.st.stm32cube.ide.mcu.externaltools.gnu-tools-for-stm32.12.3.rel1.win32_1.1.0.202410251130/tools/bin/../lib/gcc/arm-none-eabi/12.3.1/thumb/v7e-m+fp/hard/crtn.o
                0x20020000                        _estack = (ORIGIN (RAM) + LENGTH (RAM))
                0x00000200                        _Min_Heap_Size = 0x200
                0x00000400                        _Min_Stack_Size = 0x400

.isr_vector     0x08000000      0x188
                0x08000000                        . = ALIGN (0x4)
 *(.isr_vector)
 .isr_vector    0x08000000      0x188 ./Core/Startup/startup_stm32f407vgtx.o
                0x08000000                g_pfnVectors
                0x08000188                        . = ALIGN (0x4)

.text           0x08000190     0x5a88
                0x08000190                        . = ALIGN (0x4)
 *(.text)
 .text          0x08000190       0x40 C:/ST/STM32CubeIDE_1.17.0/STM32CubeIDE/plugins/com.st.stm32cube.ide.mcu.externaltools.gnu-tools-for-stm32.12.3.rel1.win32_1.1.0.202410251130/tools/bin/../lib/gcc/arm-none-eabi/12.3.1/thumb/v7e-m+fp/hard/crtbegin.o
 .text          0x080001d0       0x30 C:/ST/STM32CubeIDE_1.17.0/STM32CubeIDE/plugins/com.st.stm32cube.ide.mcu.externaltools.gnu-tools-for-stm32.12.3.rel1.win32_1.1.0.202410251130/tools/bin/../lib/gcc/arm-none-eabi/12.3.1/thumb/v7e-m+fp/hard\libgcc.a(_aeabi_uldivmod.o)
                0x080001d0                __aeabi_uldivmod
 .text          0x08000200      0x2bc C:/ST/STM32CubeIDE_1.17.0/STM32CubeIDE/plugins/com.st.stm32cube.ide.mcu.externaltools.gnu-tools-for-stm32.12.3.rel1.win32_1.1.0.202410251130/tools/bin/../lib/gcc/arm-none-eabi/12.3.1/thumb/v7e-m+fp/hard\libgcc.a(_udivmoddi4.o)
                0x08000200                __udivmoddi4
 .text          0x080004bc        0x4 C:/ST/STM32CubeIDE_1.17.0/STM32CubeIDE/plugins/com.st.stm32cube.ide.mcu.externaltools.gnu-tools-for-stm32.12.3.rel1.win32_1.1.0.202410251130/tools/bin/../lib/gcc/arm-none-eabi/12.3.1/thumb/v7e-m+fp/hard\libgcc.a(_dvmd_tls.o)
                0x080004bc                __aeabi_idiv0
                0x080004bc                __aeabi_ldiv0
 *(.text*)
 .text.MEMS_Write
                0x080004c0       0x4c ./Core/Src/main.o
                0x080004c0                MEMS_Write
 .text.MEMS_Read
                0x0800050c       0x54 ./Core/Src/main.o
                0x0800050c                MEMS_Read
 .text.Green_LED_Task
                0x08000560       0x3c ./Core/Src/main.o
                0x08000560                Green_LED_Task
 .text.vHandlerTask
                0x0800059c       0x9c ./Core/Src/main.o
                0x0800059c                vHandlerTask
 .text.HAL_GPIO_EXTI_Callback
                0x08000638       0x58 ./Core/Src/main.o
                0x08000638                HAL_GPIO_EXTI_Callback
 .text.EXTI0_IRQHandler
                0x08000690        0xe ./Core/Src/main.o
                0x08000690                EXTI0_IRQHandler
 *fill*         0x0800069e        0x2 
 .text.main     0x080006a0       0xd8 ./Core/Src/main.o
                0x080006a0                main
 .text.SystemClock_Config
                0x08000778       0xd4 ./Core/Src/main.o
                0x08000778                SystemClock_Config
 .text.MX_SPI1_Init
                0x0800084c       0x6c ./Core/Src/main.o
 .text.MX_GPIO_Init
                0x080008b8      0x29c ./Core/Src/main.o
 .text.HAL_TIM_PeriodElapsedCallback
                0x08000b54       0x24 ./Core/Src/main.o
                0x08000b54                HAL_TIM_PeriodElapsedCallback
 .text.Error_Handler
                0x08000b78        0xc ./Core/Src/main.o
                0x08000b78                Error_Handler
 .text.HAL_MspInit
                0x08000b84       0x50 ./Core/Src/stm32f4xx_hal_msp.o
                0x08000b84                HAL_MspInit
 .text.HAL_SPI_MspInit
                0x08000bd4       0x90 ./Core/Src/stm32f4xx_hal_msp.o
                0x08000bd4                HAL_SPI_MspInit
 .text.HAL_InitTick
                0x08000c64       0xf8 ./Core/Src/stm32f4xx_hal_timebase_tim.o
                0x08000c64                HAL_InitTick
 .text.NMI_Handler
                0x08000d5c        0x8 ./Core/Src/stm32f4xx_it.o
                0x08000d5c                NMI_Handler
 .text.HardFault_Handler
                0x08000d64        0x8 ./Core/Src/stm32f4xx_it.o
                0x08000d64                HardFault_Handler
 .text.MemManage_Handler
                0x08000d6c        0x8 ./Core/Src/stm32f4xx_it.o
                0x08000d6c                MemManage_Handler
 .text.BusFault_Handler
                0x08000d74        0x8 ./Core/Src/stm32f4xx_it.o
                0x08000d74                BusFault_Handler
 .text.UsageFault_Handler
                0x08000d7c        0x8 ./Core/Src/stm32f4xx_it.o
                0x08000d7c                UsageFault_Handler
 .text.DebugMon_Handler
                0x08000d84        0xe ./Core/Src/stm32f4xx_it.o
                0x08000d84                DebugMon_Handler
 *fill*         0x08000d92        0x2 
 .text.TIM7_IRQHandler
                0x08000d94       0x14 ./Core/Src/stm32f4xx_it.o
                0x08000d94                TIM7_IRQHandler
 .text.SystemInit
                0x08000da8       0x24 ./Core/Src/system_stm32f4xx.o
                0x08000da8                SystemInit
 .text.Reset_Handler
                0x08000dcc       0x50 ./Core/Startup/startup_stm32f407vgtx.o
                0x08000dcc                Reset_Handler
 .text.Default_Handler
                0x08000e1c        0x2 ./Core/Startup/startup_stm32f407vgtx.o
                0x08000e1c                RTC_Alarm_IRQHandler
                0x08000e1c                HASH_RNG_IRQHandler
                0x08000e1c                EXTI2_IRQHandler
                0x08000e1c                TIM8_CC_IRQHandler
                0x08000e1c                TIM1_CC_IRQHandler
                0x08000e1c                DMA2_Stream5_IRQHandler
                0x08000e1c                DMA1_Stream5_IRQHandler
                0x08000e1c                PVD_IRQHandler
                0x08000e1c                SDIO_IRQHandler
                0x08000e1c                TAMP_STAMP_IRQHandler
                0x08000e1c                CAN2_RX1_IRQHandler
                0x08000e1c                EXTI3_IRQHandler
                0x08000e1c                TIM8_TRG_COM_TIM14_IRQHandler
                0x08000e1c                TIM1_UP_TIM10_IRQHandler
                0x08000e1c                TIM8_UP_TIM13_IRQHandler
                0x08000e1c                I2C3_ER_IRQHandler
                0x08000e1c                I2C2_EV_IRQHandler
                0x08000e1c                DMA1_Stream2_IRQHandler
                0x08000e1c                CAN1_RX0_IRQHandler
                0x08000e1c                FPU_IRQHandler
                0x08000e1c                OTG_HS_WKUP_IRQHandler
                0x08000e1c                CAN2_SCE_IRQHandler
                0x08000e1c                DMA2_Stream2_IRQHandler
                0x08000e1c                SPI1_IRQHandler
                0x08000e1c                TIM6_DAC_IRQHandler
                0x08000e1c                TIM1_BRK_TIM9_IRQHandler
                0x08000e1c                DCMI_IRQHandler
                0x08000e1c                CAN2_RX0_IRQHandler
                0x08000e1c                DMA2_Stream3_IRQHandler
                0x08000e1c                USART6_IRQHandler
                0x08000e1c                USART3_IRQHandler
                0x08000e1c                CAN1_RX1_IRQHandler
                0x08000e1c                UART5_IRQHandler
                0x08000e1c                DMA2_Stream0_IRQHandler
                0x08000e1c                TIM4_IRQHandler
                0x08000e1c                I2C1_EV_IRQHandler
                0x08000e1c                DMA1_Stream6_IRQHandler
                0x08000e1c                DMA1_Stream1_IRQHandler
                0x08000e1c                UART4_IRQHandler
                0x08000e1c                TIM3_IRQHandler
                0x08000e1c                RCC_IRQHandler
                0x08000e1c                TIM8_BRK_TIM12_IRQHandler
                0x08000e1c                Default_Handler
                0x08000e1c                EXTI15_10_IRQHandler
                0x08000e1c                ADC_IRQHandler
                0x08000e1c                DMA1_Stream7_IRQHandler
                0x08000e1c                CAN2_TX_IRQHandler
                0x08000e1c                TIM5_IRQHandler
                0x08000e1c                DMA2_Stream7_IRQHandler
                0x08000e1c                I2C3_EV_IRQHandler
                0x08000e1c                EXTI9_5_IRQHandler
                0x08000e1c                RTC_WKUP_IRQHandler
                0x08000e1c                ETH_WKUP_IRQHandler
                0x08000e1c                SPI2_IRQHandler
                0x08000e1c                OTG_HS_EP1_IN_IRQHandler
                0x08000e1c                DMA1_Stream0_IRQHandler
                0x08000e1c                CAN1_TX_IRQHandler
                0x08000e1c                EXTI4_IRQHandler
                0x08000e1c                FSMC_IRQHandler
                0x08000e1c                ETH_IRQHandler
                0x08000e1c                OTG_HS_EP1_OUT_IRQHandler
                0x08000e1c                WWDG_IRQHandler
                0x08000e1c                TIM2_IRQHandler
                0x08000e1c                OTG_FS_WKUP_IRQHandler
                0x08000e1c                TIM1_TRG_COM_TIM11_IRQHandler
                0x08000e1c                OTG_HS_IRQHandler
                0x08000e1c                EXTI1_IRQHandler
                0x08000e1c                USART2_IRQHandler
                0x08000e1c                I2C2_ER_IRQHandler
                0x08000e1c                DMA2_Stream1_IRQHandler
                0x08000e1c                CAN1_SCE_IRQHandler
                0x08000e1c                FLASH_IRQHandler
                0x08000e1c                DMA2_Stream4_IRQHandler
                0x08000e1c                USART1_IRQHandler
                0x08000e1c                OTG_FS_IRQHandler
                0x08000e1c                SPI3_IRQHandler
                0x08000e1c                DMA1_Stream4_IRQHandler
                0x08000e1c                I2C1_ER_IRQHandler
                0x08000e1c                DMA2_Stream6_IRQHandler
                0x08000e1c                DMA1_Stream3_IRQHandler
 *fill*         0x08000e1e        0x2 
 .text.HAL_Init
                0x08000e20       0x44 ./Drivers/STM32F4xx_HAL_Driver/Src/stm32f4xx_hal.o
                0x08000e20                HAL_Init
 .text.HAL_IncTick
                0x08000e64       0x28 ./Drivers/STM32F4xx_HAL_Driver/Src/stm32f4xx_hal.o
                0x08000e64                HAL_IncTick
 .text.HAL_GetTick
                0x08000e8c       0x18 ./Drivers/STM32F4xx_HAL_Driver/Src/stm32f4xx_hal.o
                0x08000e8c                HAL_GetTick
 .text.__NVIC_SetPriorityGrouping
                0x08000ea4       0x48 ./Drivers/STM32F4xx_HAL_Driver/Src/stm32f4xx_hal_cortex.o
 .text.__NVIC_GetPriorityGrouping
                0x08000eec       0x1c ./Drivers/STM32F4xx_HAL_Driver/Src/stm32f4xx_hal_cortex.o
 .text.__NVIC_EnableIRQ
                0x08000f08       0x3c ./Drivers/STM32F4xx_HAL_Driver/Src/stm32f4xx_hal_cortex.o
 .text.__NVIC_DisableIRQ
                0x08000f44       0x48 ./Drivers/STM32F4xx_HAL_Driver/Src/stm32f4xx_hal_cortex.o
 .text.__NVIC_SetPriority
                0x08000f8c       0x54 ./Drivers/STM32F4xx_HAL_Driver/Src/stm32f4xx_hal_cortex.o
 .text.NVIC_EncodePriority
                0x08000fe0       0x66 ./Drivers/STM32F4xx_HAL_Driver/Src/stm32f4xx_hal_cortex.o
 .text.HAL_NVIC_SetPriorityGrouping
                0x08001046       0x16 ./Drivers/STM32F4xx_HAL_Driver/Src/stm32f4xx_hal_cortex.o
                0x08001046                HAL_NVIC_SetPriorityGrouping
 .text.HAL_NVIC_SetPriority
                0x0800105c       0x38 ./Drivers/STM32F4xx_HAL_Driver/Src/stm32f4xx_hal_cortex.o
                0x0800105c                HAL_NVIC_SetPriority
 .text.HAL_NVIC_EnableIRQ
                0x08001094       0x1c ./Drivers/STM32F4xx_HAL_Driver/Src/stm32f4xx_hal_cortex.o
                0x08001094                HAL_NVIC_EnableIRQ
 .text.HAL_NVIC_DisableIRQ
                0x080010b0       0x1c ./Drivers/STM32F4xx_HAL_Driver/Src/stm32f4xx_hal_cortex.o
                0x080010b0                HAL_NVIC_DisableIRQ
 .text.HAL_GPIO_Init
                0x080010cc      0x338 ./Drivers/STM32F4xx_HAL_Driver/Src/stm32f4xx_hal_gpio.o
                0x080010cc                HAL_GPIO_Init
 .text.HAL_GPIO_WritePin
                0x08001404       0x32 ./Drivers/STM32F4xx_HAL_Driver/Src/stm32f4xx_hal_gpio.o
                0x08001404                HAL_GPIO_WritePin
 .text.HAL_GPIO_TogglePin
                0x08001436       0x34 ./Drivers/STM32F4xx_HAL_Driver/Src/stm32f4xx_hal_gpio.o
                0x08001436                HAL_GPIO_TogglePin
 *fill*         0x0800146a        0x2 
 .text.HAL_GPIO_EXTI_IRQHandler
                0x0800146c       0x30 ./Drivers/STM32F4xx_HAL_Driver/Src/stm32f4xx_hal_gpio.o
                0x0800146c                HAL_GPIO_EXTI_IRQHandler
 .text.HAL_RCC_OscConfig
                0x0800149c      0x4f0 ./Drivers/STM32F4xx_HAL_Driver/Src/stm32f4xx_hal_rcc.o
                0x0800149c                HAL_RCC_OscConfig
 .text.HAL_RCC_ClockConfig
                0x0800198c      0x1cc ./Drivers/STM32F4xx_HAL_Driver/Src/stm32f4xx_hal_rcc.o
                0x0800198c                HAL_RCC_ClockConfig
 .text.HAL_RCC_GetSysClockFreq
                0x08001b58      0x20c ./Drivers/STM32F4xx_HAL_Driver/Src/stm32f4xx_hal_rcc.o
                0x08001b58                HAL_RCC_GetSysClockFreq
 .text.HAL_RCC_GetHCLKFreq
                0x08001d64       0x18 ./Drivers/STM32F4xx_HAL_Driver/Src/stm32f4xx_hal_rcc.o
                0x08001d64                HAL_RCC_GetHCLKFreq
 .text.HAL_RCC_GetPCLK1Freq
                0x08001d7c       0x28 ./Drivers/STM32F4xx_HAL_Driver/Src/stm32f4xx_hal_rcc.o
                0x08001d7c                HAL_RCC_GetPCLK1Freq
 .text.HAL_RCC_GetClockConfig
                0x08001da4       0x64 ./Drivers/STM32F4xx_HAL_Driver/Src/stm32f4xx_hal_rcc.o
                0x08001da4                HAL_RCC_GetClockConfig
 .text.HAL_SPI_Init
                0x08001e08      0x112 ./Drivers/STM32F4xx_HAL_Driver/Src/stm32f4xx_hal_spi.o
                0x08001e08                HAL_SPI_Init
 .text.HAL_SPI_Transmit
                0x08001f1a      0x288 ./Drivers/STM32F4xx_HAL_Driver/Src/stm32f4xx_hal_spi.o
                0x08001f1a                HAL_SPI_Transmit
 .text.HAL_SPI_Receive
                0x080021a2      0x232 ./Drivers/STM32F4xx_HAL_Driver/Src/stm32f4xx_hal_spi.o
                0x080021a2                HAL_SPI_Receive
 .text.HAL_SPI_TransmitReceive
                0x080023d4      0x352 ./Drivers/STM32F4xx_HAL_Driver/Src/stm32f4xx_hal_spi.o
                0x080023d4                HAL_SPI_TransmitReceive
 *fill*         0x08002726        0x2 
 .text.SPI_WaitFlagStateUntilTimeout
                0x08002728      0x110 ./Drivers/STM32F4xx_HAL_Driver/Src/stm32f4xx_hal_spi.o
 .text.SPI_EndRxTransaction
                0x08002838       0xca ./Drivers/STM32F4xx_HAL_Driver/Src/stm32f4xx_hal_spi.o
 *fill*         0x08002902        0x2 
 .text.SPI_EndRxTxTransaction
                0x08002904       0xa8 ./Drivers/STM32F4xx_HAL_Driver/Src/stm32f4xx_hal_spi.o
 .text.HAL_TIM_Base_Init
                0x080029ac       0x9e ./Drivers/STM32F4xx_HAL_Driver/Src/stm32f4xx_hal_tim.o
                0x080029ac                HAL_TIM_Base_Init
 .text.HAL_TIM_Base_MspInit
                0x08002a4a       0x14 ./Drivers/STM32F4xx_HAL_Driver/Src/stm32f4xx_hal_tim.o
                0x08002a4a                HAL_TIM_Base_MspInit
 *fill*         0x08002a5e        0x2 
 .text.HAL_TIM_Base_Start_IT
                0x08002a60       0xe0 ./Drivers/STM32F4xx_HAL_Driver/Src/stm32f4xx_hal_tim.o
                0x08002a60                HAL_TIM_Base_Start_IT
 .text.HAL_TIM_IRQHandler
                0x08002b40      0x1e0 ./Drivers/STM32F4xx_HAL_Driver/Src/stm32f4xx_hal_tim.o
                0x08002b40                HAL_TIM_IRQHandler
 .text.HAL_TIM_OC_DelayElapsedCallback
                0x08002d20       0x14 ./Drivers/STM32F4xx_HAL_Driver/Src/stm32f4xx_hal_tim.o
                0x08002d20                HAL_TIM_OC_DelayElapsedCallback
 .text.HAL_TIM_IC_CaptureCallback
                0x08002d34       0x14 ./Drivers/STM32F4xx_HAL_Driver/Src/stm32f4xx_hal_tim.o
                0x08002d34                HAL_TIM_IC_CaptureCallback
 .text.HAL_TIM_PWM_PulseFinishedCallback
                0x08002d48       0x14 ./Drivers/STM32F4xx_HAL_Driver/Src/stm32f4xx_hal_tim.o
                0x08002d48                HAL_TIM_PWM_PulseFinishedCallback
 .text.HAL_TIM_TriggerCallback
                0x08002d5c       0x14 ./Drivers/STM32F4xx_HAL_Driver/Src/stm32f4xx_hal_tim.o
                0x08002d5c                HAL_TIM_TriggerCallback
 .text.TIM_Base_SetConfig
                0x08002d70      0x14c ./Drivers/STM32F4xx_HAL_Driver/Src/stm32f4xx_hal_tim.o
                0x08002d70                TIM_Base_SetConfig
 .text.HAL_TIMEx_CommutCallback
                0x08002ebc       0x14 ./Drivers/STM32F4xx_HAL_Driver/Src/stm32f4xx_hal_tim_ex.o
                0x08002ebc                HAL_TIMEx_CommutCallback
 .text.HAL_TIMEx_BreakCallback
                0x08002ed0       0x14 ./Drivers/STM32F4xx_HAL_Driver/Src/stm32f4xx_hal_tim_ex.o
                0x08002ed0                HAL_TIMEx_BreakCallback
 .text.vListInitialise
                0x08002ee4       0x40 ./FreeRTOS/list.o
                0x08002ee4                vListInitialise
 .text.vListInitialiseItem
                0x08002f24       0x1a ./FreeRTOS/list.o
                0x08002f24                vListInitialiseItem
 .text.vListInsertEnd
                0x08002f3e       0x48 ./FreeRTOS/list.o
                0x08002f3e                vListInsertEnd
 .text.vListInsert
                0x08002f86       0x72 ./FreeRTOS/list.o
                0x08002f86                vListInsert
 .text.uxListRemove
                0x08002ff8       0x54 ./FreeRTOS/list.o
                0x08002ff8                uxListRemove
 .text.xQueueGenericReset
                0x0800304c       0xd4 ./FreeRTOS/queue.o
                0x0800304c                xQueueGenericReset
 .text.xQueueGenericCreate
                0x08003120       0x7a ./FreeRTOS/queue.o
                0x08003120                xQueueGenericCreate
 .text.prvInitialiseNewQueue
                0x0800319a       0x46 ./FreeRTOS/queue.o
 .text.xQueueGenericSend
                0x080031e0      0x204 ./FreeRTOS/queue.o
                0x080031e0                xQueueGenericSend
 .text.xQueueGenericSendFromISR
                0x080033e4      0x136 ./FreeRTOS/queue.o
                0x080033e4                xQueueGenericSendFromISR
 .text.xQueueGiveFromISR
                0x0800351a      0x120 ./FreeRTOS/queue.o
                0x0800351a                xQueueGiveFromISR
 *fill*         0x0800363a        0x2 
 .text.xQueueReceive
                0x0800363c      0x1c4 ./FreeRTOS/queue.o
                0x0800363c                xQueueReceive
 .text.xQueueSemaphoreTake
                0x08003800      0x220 ./FreeRTOS/queue.o
                0x08003800                xQueueSemaphoreTake
 .text.prvGetDisinheritPriorityAfterTimeout
                0x08003a20       0x30 ./FreeRTOS/queue.o
 .text.prvCopyDataToQueue
                0x08003a50       0xd4 ./FreeRTOS/queue.o
 .text.prvCopyDataFromQueue
                0x08003b24       0x4c ./FreeRTOS/queue.o
 .text.prvUnlockQueue
                0x08003b70       0xa4 ./FreeRTOS/queue.o
 .text.prvIsQueueEmpty
                0x08003c14       0x2c ./FreeRTOS/queue.o
 .text.prvIsQueueFull
                0x08003c40       0x30 ./FreeRTOS/queue.o
 .text.vQueueAddToRegistry
                0x08003c70       0x54 ./FreeRTOS/queue.o
                0x08003c70                vQueueAddToRegistry
 .text.vQueueWaitForMessageRestricted
                0x08003cc4       0x68 ./FreeRTOS/queue.o
                0x08003cc4                vQueueWaitForMessageRestricted
 .text.xTaskCreate
                0x08003d2c       0x82 ./FreeRTOS/tasks.o
                0x08003d2c                xTaskCreate
 .text.prvInitialiseNewTask
                0x08003dae      0x120 ./FreeRTOS/tasks.o
 *fill*         0x08003ece        0x2 
 .text.prvAddNewTaskToReadyList
                0x08003ed0       0xdc ./FreeRTOS/tasks.o
 .text.vTaskDelay
                0x08003fac       0x6c ./FreeRTOS/tasks.o
                0x08003fac                vTaskDelay
 .text.vTaskStartScheduler
                0x08004018       0x9c ./FreeRTOS/tasks.o
                0x08004018                vTaskStartScheduler
 .text.vTaskSuspendAll
                0x080040b4       0x1c ./FreeRTOS/tasks.o
                0x080040b4                vTaskSuspendAll
 .text.xTaskResumeAll
                0x080040d0      0x13c ./FreeRTOS/tasks.o
                0x080040d0                xTaskResumeAll
 .text.xTaskGetTickCount
                0x0800420c       0x20 ./FreeRTOS/tasks.o
                0x0800420c                xTaskGetTickCount
 .text.xTaskIncrementTick
                0x0800422c      0x174 ./FreeRTOS/tasks.o
                0x0800422c                xTaskIncrementTick
 .text.vTaskSwitchContext
                0x080043a0       0xb8 ./FreeRTOS/tasks.o
                0x080043a0                vTaskSwitchContext
 .text.vTaskPlaceOnEventList
                0x08004458       0x4c ./FreeRTOS/tasks.o
                0x08004458                vTaskPlaceOnEventList
 .text.vTaskPlaceOnEventListRestricted
                0x080044a4       0x58 ./FreeRTOS/tasks.o
                0x080044a4                vTaskPlaceOnEventListRestricted
 .text.xTaskRemoveFromEventList
                0x080044fc       0xc8 ./FreeRTOS/tasks.o
                0x080044fc                xTaskRemoveFromEventList
 .text.vTaskInternalSetTimeOutState
                0x080045c4       0x2c ./FreeRTOS/tasks.o
                0x080045c4                vTaskInternalSetTimeOutState
 .text.xTaskCheckForTimeOut
                0x080045f0       0xc8 ./FreeRTOS/tasks.o
                0x080045f0                xTaskCheckForTimeOut
 .text.vTaskMissedYield
                0x080046b8       0x18 ./FreeRTOS/tasks.o
                0x080046b8                vTaskMissedYield
 .text.prvIdleTask
                0x080046d0       0x30 ./FreeRTOS/tasks.o
 .text.prvInitialiseTaskLists
                0x08004700       0x80 ./FreeRTOS/tasks.o
 .text.prvCheckTasksWaitingTermination
                0x08004780       0x5c ./FreeRTOS/tasks.o
 .text.prvDeleteTCB
                0x080047dc       0x20 ./FreeRTOS/tasks.o
 .text.prvResetNextTaskUnblockTime
                0x080047fc       0x40 ./FreeRTOS/tasks.o
 .text.xTaskGetSchedulerState
                0x0800483c       0x3c ./FreeRTOS/tasks.o
                0x0800483c                xTaskGetSchedulerState
 .text.xTaskPriorityInherit
                0x08004878      0x100 ./FreeRTOS/tasks.o
                0x08004878                xTaskPriorityInherit
 .text.xTaskPriorityDisinherit
                0x08004978      0x110 ./FreeRTOS/tasks.o
                0x08004978                xTaskPriorityDisinherit
 .text.vTaskPriorityDisinheritAfterTimeout
                0x08004a88      0x138 ./FreeRTOS/tasks.o
                0x08004a88                vTaskPriorityDisinheritAfterTimeout
 .text.pvTaskIncrementMutexHeldCount
                0x08004bc0       0x28 ./FreeRTOS/tasks.o
                0x08004bc0                pvTaskIncrementMutexHeldCount
 .text.prvAddCurrentTaskToDelayedList
                0x08004be8       0xcc ./FreeRTOS/tasks.o
 .text.xTimerCreateTimerTask
                0x08004cb4       0x68 ./FreeRTOS/timers.o
                0x08004cb4                xTimerCreateTimerTask
 .text.xTimerGenericCommand
                0x08004d1c       0x9c ./FreeRTOS/timers.o
                0x08004d1c                xTimerGenericCommand
 .text.prvProcessExpiredTimer
                0x08004db8       0x9c ./FreeRTOS/timers.o
 .text.prvTimerTask
                0x08004e54       0x26 ./FreeRTOS/timers.o
 *fill*         0x08004e7a        0x2 
 .text.prvProcessTimerOrBlockTask
                0x08004e7c       0x9c ./FreeRTOS/timers.o
 .text.prvGetNextExpireTime
                0x08004f18       0x48 ./FreeRTOS/timers.o
 .text.prvSampleTimeNow
                0x08004f60       0x40 ./FreeRTOS/timers.o
 .text.prvInsertTimerInActiveList
                0x08004fa0       0x84 ./FreeRTOS/timers.o
 .text.prvProcessReceivedCommands
                0x08005024      0x194 ./FreeRTOS/timers.o
 .text.prvSwitchTimerLists
                0x080051b8       0xcc ./FreeRTOS/timers.o
 .text.prvCheckForValidListAndQueue
                0x08005284       0x6c ./FreeRTOS/timers.o
 .text.pxPortInitialiseStack
                0x080052f0       0x68 ./FreeRTOS/portable/ARM_CM4F/port.o
                0x080052f0                pxPortInitialiseStack
 .text.prvTaskExitError
                0x08005358       0x5c ./FreeRTOS/portable/ARM_CM4F/port.o
 *fill*         0x080053b4        0xc 
 .text.SVC_Handler
                0x080053c0       0x28 ./FreeRTOS/portable/ARM_CM4F/port.o
                0x080053c0                SVC_Handler
 .text.prvPortStartFirstTask
                0x080053e8       0x28 ./FreeRTOS/portable/ARM_CM4F/port.o
 .text.xPortStartScheduler
                0x08005410      0x16c ./FreeRTOS/portable/ARM_CM4F/port.o
                0x08005410                xPortStartScheduler
 .text.vPortEnterCritical
                0x0800557c       0x64 ./FreeRTOS/portable/ARM_CM4F/port.o
                0x0800557c                vPortEnterCritical
 .text.vPortExitCritical
                0x080055e0       0x54 ./FreeRTOS/portable/ARM_CM4F/port.o
                0x080055e0                vPortExitCritical
 *fill*         0x08005634        0xc 
 .text.PendSV_Handler
                0x08005640       0x68 ./FreeRTOS/portable/ARM_CM4F/port.o
                0x08005640                PendSV_Handler
 .text.SysTick_Handler
                0x080056a8       0x44 ./FreeRTOS/portable/ARM_CM4F/port.o
                0x080056a8                SysTick_Handler
 .text.vPortSetupTimerInterrupt
                0x080056ec       0x48 ./FreeRTOS/portable/ARM_CM4F/port.o
                0x080056ec                vPortSetupTimerInterrupt
 .text.vPortEnableVFP
                0x08005734       0x14 ./FreeRTOS/portable/ARM_CM4F/port.o
 .text.vPortValidateInterruptPriority
                0x08005748       0x84 ./FreeRTOS/portable/ARM_CM4F/port.o
                0x08005748                vPortValidateInterruptPriority
 .text.pvPortMalloc
                0x080057cc      0x190 ./FreeRTOS/portable/MemMang/heap_4.o
                0x080057cc                pvPortMalloc
 .text.vPortFree
                0x0800595c       0xb8 ./FreeRTOS/portable/MemMang/heap_4.o
                0x0800595c                vPortFree
 .text.prvHeapInit
                0x08005a14       0xc4 ./FreeRTOS/portable/MemMang/heap_4.o
 .text.prvInsertBlockIntoFreeList
                0x08005ad8       0xb4 ./FreeRTOS/portable/MemMang/heap_4.o
 .text.memset   0x08005b8c       0x10 C:/ST/STM32CubeIDE_1.17.0/STM32CubeIDE/plugins/com.st.stm32cube.ide.mcu.externaltools.gnu-tools-for-stm32.12.3.rel1.win32_1.1.0.202410251130/tools/bin/../lib/gcc/arm-none-eabi/12.3.1/../../../../arm-none-eabi/lib/thumb/v7e-m+fp/hard\libc_nano.a(libc_a-memset.o)
                0x08005b8c                memset
 .text.__libc_init_array
                0x08005b9c       0x48 C:/ST/STM32CubeIDE_1.17.0/STM32CubeIDE/plugins/com.st.stm32cube.ide.mcu.externaltools.gnu-tools-for-stm32.12.3.rel1.win32_1.1.0.202410251130/tools/bin/../lib/gcc/arm-none-eabi/12.3.1/../../../../arm-none-eabi/lib/thumb/v7e-m+fp/hard\libc_nano.a(libc_a-init.o)
                0x08005b9c                __libc_init_array
 .text.memcpy   0x08005be4       0x1c C:/ST/STM32CubeIDE_1.17.0/STM32CubeIDE/plugins/com.st.stm32cube.ide.mcu.externaltools.gnu-tools-for-stm32.12.3.rel1.win32_1.1.0.202410251130/tools/bin/../lib/gcc/arm-none-eabi/12.3.1/../../../../arm-none-eabi/lib/thumb/v7e-m+fp/hard\libc_nano.a(libc_a-memcpy-stub.o)
                0x08005be4                memcpy
 *(.glue_7)
 .glue_7        0x08005c00        0x0 linker stubs
 *(.glue_7t)
 .glue_7t       0x08005c00        0x0 linker stubs
 *(.eh_frame)
 .eh_frame      0x08005c00        0x0 C:/ST/STM32CubeIDE_1.17.0/STM32CubeIDE/plugins/com.st.stm32cube.ide.mcu.externaltools.gnu-tools-for-stm32.12.3.rel1.win32_1.1.0.202410251130/tools/bin/../lib/gcc/arm-none-eabi/12.3.1/thumb/v7e-m+fp/hard/crtbegin.o
 *(.init)
 .init          0x08005c00        0x4 C:/ST/STM32CubeIDE_1.17.0/STM32CubeIDE/plugins/com.st.stm32cube.ide.mcu.externaltools.gnu-tools-for-stm32.12.3.rel1.win32_1.1.0.202410251130/tools/bin/../lib/gcc/arm-none-eabi/12.3.1/thumb/v7e-m+fp/hard/crti.o
                0x08005c00                _init
 .init          0x08005c04        0x8 C:/ST/STM32CubeIDE_1.17.0/STM32CubeIDE/plugins/com.st.stm32cube.ide.mcu.externaltools.gnu-tools-for-stm32.12.3.rel1.win32_1.1.0.202410251130/tools/bin/../lib/gcc/arm-none-eabi/12.3.1/thumb/v7e-m+fp/hard/crtn.o
 *(.fini)
 .fini          0x08005c0c        0x4 C:/ST/STM32CubeIDE_1.17.0/STM32CubeIDE/plugins/com.st.stm32cube.ide.mcu.externaltools.gnu-tools-for-stm32.12.3.rel1.win32_1.1.0.202410251130/tools/bin/../lib/gcc/arm-none-eabi/12.3.1/thumb/v7e-m+fp/hard/crti.o
                0x08005c0c                _fini
 .fini          0x08005c10        0x8 C:/ST/STM32CubeIDE_1.17.0/STM32CubeIDE/plugins/com.st.stm32cube.ide.mcu.externaltools.gnu-tools-for-stm32.12.3.rel1.win32_1.1.0.202410251130/tools/bin/../lib/gcc/arm-none-eabi/12.3.1/thumb/v7e-m+fp/hard/crtn.o
                0x08005c18                        . = ALIGN (0x4)
                0x08005c18                        _etext = .

.vfp11_veneer   0x08005c18        0x0
 .vfp11_veneer  0x08005c18        0x0 linker stubs

.v4_bx          0x08005c18        0x0
 .v4_bx         0x08005c18        0x0 linker stubs

.iplt           0x08005c18        0x0
 .iplt          0x08005c18        0x0 C:/ST/STM32CubeIDE_1.17.0/STM32CubeIDE/plugins/com.st.stm32cube.ide.mcu.externaltools.gnu-tools-for-stm32.12.3.rel1.win32_1.1.0.202410251130/tools/bin/../lib/gcc/arm-none-eabi/12.3.1/thumb/v7e-m+fp/hard/crtbegin.o

.rodata         0x08005c18       0x48
                0x08005c18                        . = ALIGN (0x4)
 *(.rodata)
 .rodata        0x08005c18       0x18 ./Core/Src/main.o
 .rodata        0x08005c30        0x5 ./FreeRTOS/tasks.o
 *fill*         0x08005c35        0x3 
 .rodata        0x08005c38        0xd ./FreeRTOS/timers.o
 *(.rodata*)
 *fill*         0x08005c45        0x3 
 .rodata.AHBPrescTable
                0x08005c48       0x10 ./Core/Src/system_stm32f4xx.o
                0x08005c48                AHBPrescTable
 .rodata.APBPrescTable
                0x08005c58        0x8 ./Core/Src/system_stm32f4xx.o
                0x08005c58                APBPrescTable
                0x08005c60                        . = ALIGN (0x4)

.ARM.extab      0x08005c60        0x0
                0x08005c60                        . = ALIGN (0x4)
 *(.ARM.extab* .gnu.linkonce.armextab.*)
                0x08005c60                        . = ALIGN (0x4)

.ARM            0x08005c60        0x8
                0x08005c60                        . = ALIGN (0x4)
                0x08005c60                        __exidx_start = .
 *(.ARM.exidx*)
 .ARM.exidx     0x08005c60        0x8 C:/ST/STM32CubeIDE_1.17.0/STM32CubeIDE/plugins/com.st.stm32cube.ide.mcu.externaltools.gnu-tools-for-stm32.12.3.rel1.win32_1.1.0.202410251130/tools/bin/../lib/gcc/arm-none-eabi/12.3.1/thumb/v7e-m+fp/hard\libgcc.a(_udivmoddi4.o)
                0x08005c68                        __exidx_end = .
                0x08005c68                        . = ALIGN (0x4)

.preinit_array  0x08005c68        0x0
                0x08005c68                        . = ALIGN (0x4)
                0x08005c68                        PROVIDE (__preinit_array_start = .)
 *(.preinit_array*)
                0x08005c68                        PROVIDE (__preinit_array_end = .)
                0x08005c68                        . = ALIGN (0x4)

.init_array     0x08005c68        0x4
                0x08005c68                        . = ALIGN (0x4)
                0x08005c68                        PROVIDE (__init_array_start = .)
 *(SORT_BY_NAME(.init_array.*))
 *(.init_array*)
 .init_array    0x08005c68        0x4 C:/ST/STM32CubeIDE_1.17.0/STM32CubeIDE/plugins/com.st.stm32cube.ide.mcu.externaltools.gnu-tools-for-stm32.12.3.rel1.win32_1.1.0.202410251130/tools/bin/../lib/gcc/arm-none-eabi/12.3.1/thumb/v7e-m+fp/hard/crtbegin.o
                0x08005c6c                        PROVIDE (__init_array_end = .)
                0x08005c6c                        . = ALIGN (0x4)

.fini_array     0x08005c6c        0x4
                0x08005c6c                        . = ALIGN (0x4)
                [!provide]                        PROVIDE (__fini_array_start = .)
 *(SORT_BY_NAME(.fini_array.*))
 *(.fini_array*)
 .fini_array    0x08005c6c        0x4 C:/ST/STM32CubeIDE_1.17.0/STM32CubeIDE/plugins/com.st.stm32cube.ide.mcu.externaltools.gnu-tools-for-stm32.12.3.rel1.win32_1.1.0.202410251130/tools/bin/../lib/gcc/arm-none-eabi/12.3.1/thumb/v7e-m+fp/hard/crtbegin.o
                [!provide]                        PROVIDE (__fini_array_end = .)
                0x08005c70                        . = ALIGN (0x4)
                0x08005c70                        _sidata = LOADADDR (.data)

.rel.dyn        0x08005c70        0x0
 .rel.iplt      0x08005c70        0x0 C:/ST/STM32CubeIDE_1.17.0/STM32CubeIDE/plugins/com.st.stm32cube.ide.mcu.externaltools.gnu-tools-for-stm32.12.3.rel1.win32_1.1.0.202410251130/tools/bin/../lib/gcc/arm-none-eabi/12.3.1/thumb/v7e-m+fp/hard/crtbegin.o

.data           0x20000000       0x10 load address 0x08005c70
                0x20000000                        . = ALIGN (0x4)
                0x20000000                        _sdata = .
 *(.data)
 *(.data*)
 .data.SystemCoreClock
                0x20000000        0x4 ./Core/Src/system_stm32f4xx.o
                0x20000000                SystemCoreClock
 .data.uwTickPrio
                0x20000004        0x4 ./Drivers/STM32F4xx_HAL_Driver/Src/stm32f4xx_hal.o
                0x20000004                uwTickPrio
 .data.uwTickFreq
                0x20000008        0x1 ./Drivers/STM32F4xx_HAL_Driver/Src/stm32f4xx_hal.o
                0x20000008                uwTickFreq
 *fill*         0x20000009        0x3 
 .data.uxCriticalNesting
                0x2000000c        0x4 ./FreeRTOS/portable/ARM_CM4F/port.o
 *(.RamFunc)
 *(.RamFunc*)
                0x20000010                        . = ALIGN (0x4)
                0x20000010                        _edata = .
                0x08005c80                        _siccmram = LOADADDR (.ccmram)

.igot.plt       0x20000010        0x0 load address 0x08005c80
 .igot.plt      0x20000010        0x0 C:/ST/STM32CubeIDE_1.17.0/STM32CubeIDE/plugins/com.st.stm32cube.ide.mcu.externaltools.gnu-tools-for-stm32.12.3.rel1.win32_1.1.0.202410251130/tools/bin/../lib/gcc/arm-none-eabi/12.3.1/thumb/v7e-m+fp/hard/crtbegin.o

.ccmram         0x10000000        0x0 load address 0x08005c80
                0x10000000                        . = ALIGN (0x4)
                0x10000000                        _sccmram = .
 *(.ccmram)
 *(.ccmram*)
                0x10000000                        . = ALIGN (0x4)
                0x10000000                        _eccmram = .
                0x10000000                        . = ALIGN (0x4)

.bss            0x20000010    0x12f30
                0x20000010                        _sbss = .
                0x20000010                        __bss_start__ = _sbss
 *(.bss)
 .bss           0x20000010       0x1c C:/ST/STM32CubeIDE_1.17.0/STM32CubeIDE/plugins/com.st.stm32cube.ide.mcu.externaltools.gnu-tools-for-stm32.12.3.rel1.win32_1.1.0.202410251130/tools/bin/../lib/gcc/arm-none-eabi/12.3.1/thumb/v7e-m+fp/hard/crtbegin.o
 *(.bss*)
 .bss.hspi1     0x2000002c       0x58 ./Core/Src/main.o
                0x2000002c                hspi1
 .bss.xShakeSemaphore
                0x20000084        0x4 ./Core/Src/main.o
                0x20000084                xShakeSemaphore
 .bss.orangeBlinking
                0x20000088        0x1 ./Core/Src/main.o
                0x20000088                orangeBlinking
 *fill*         0x20000089        0x3 
 .bss.htim7     0x2000008c       0x48 ./Core/Src/stm32f4xx_hal_timebase_tim.o
                0x2000008c                htim7
 .bss.uwTick    0x200000d4        0x4 ./Drivers/STM32F4xx_HAL_Driver/Src/stm32f4xx_hal.o
                0x200000d4                uwTick
 .bss.xQueueRegistry
                0x200000d8       0x40 ./FreeRTOS/queue.o
                0x200000d8                xQueueRegistry
 .bss.pxCurrentTCB
                0x20000118        0x4 ./FreeRTOS/tasks.o
                0x20000118                pxCurrentTCB
 .bss.pxReadyTasksLists
                0x2000011c      0x12c ./FreeRTOS/tasks.o
 .bss.xDelayedTaskList1
                0x20000248       0x14 ./FreeRTOS/tasks.o
 .bss.xDelayedTaskList2
                0x2000025c       0x14 ./FreeRTOS/tasks.o
 .bss.pxDelayedTaskList
                0x20000270        0x4 ./FreeRTOS/tasks.o
 .bss.pxOverflowDelayedTaskList
                0x20000274        0x4 ./FreeRTOS/tasks.o
 .bss.xPendingReadyList
                0x20000278       0x14 ./FreeRTOS/tasks.o
 .bss.xTasksWaitingTermination
                0x2000028c       0x14 ./FreeRTOS/tasks.o
 .bss.uxDeletedTasksWaitingCleanUp
                0x200002a0        0x4 ./FreeRTOS/tasks.o
 .bss.xSuspendedTaskList
                0x200002a4       0x14 ./FreeRTOS/tasks.o
 .bss.uxCurrentNumberOfTasks
                0x200002b8        0x4 ./FreeRTOS/tasks.o
 .bss.xTickCount
                0x200002bc        0x4 ./FreeRTOS/tasks.o
 .bss.uxTopReadyPriority
                0x200002c0        0x4 ./FreeRTOS/tasks.o
 .bss.xSchedulerRunning
                0x200002c4        0x4 ./FreeRTOS/tasks.o
 .bss.uxPendedTicks
                0x200002c8        0x4 ./FreeRTOS/tasks.o
 .bss.xYieldPending
                0x200002cc        0x4 ./FreeRTOS/tasks.o
 .bss.xNumOfOverflows
                0x200002d0        0x4 ./FreeRTOS/tasks.o
 .bss.uxTaskNumber
                0x200002d4        0x4 ./FreeRTOS/tasks.o
 .bss.xNextTaskUnblockTime
                0x200002d8        0x4 ./FreeRTOS/tasks.o
 .bss.xIdleTaskHandle
                0x200002dc        0x4 ./FreeRTOS/tasks.o
 .bss.uxSchedulerSuspended
                0x200002e0        0x4 ./FreeRTOS/tasks.o
 .bss.xActiveTimerList1
                0x200002e4       0x14 ./FreeRTOS/timers.o
 .bss.xActiveTimerList2
                0x200002f8       0x14 ./FreeRTOS/timers.o
 .bss.pxCurrentTimerList
                0x2000030c        0x4 ./FreeRTOS/timers.o
 .bss.pxOverflowTimerList
                0x20000310        0x4 ./FreeRTOS/timers.o
 .bss.xTimerQueue
                0x20000314        0x4 ./FreeRTOS/timers.o
 .bss.xTimerTaskHandle
                0x20000318        0x4 ./FreeRTOS/timers.o
 .bss.xLastTime.0
                0x2000031c        0x4 ./FreeRTOS/timers.o
 .bss.ucMaxSysCallPriority
                0x20000320        0x1 ./FreeRTOS/portable/ARM_CM4F/port.o
 *fill*         0x20000321        0x3 
 .bss.ulMaxPRIGROUPValue
                0x20000324        0x4 ./FreeRTOS/portable/ARM_CM4F/port.o
 .bss.ucHeap    0x20000328    0x12c00 ./FreeRTOS/portable/MemMang/heap_4.o
 .bss.xStart    0x20012f28        0x8 ./FreeRTOS/portable/MemMang/heap_4.o
 .bss.pxEnd     0x20012f30        0x4 ./FreeRTOS/portable/MemMang/heap_4.o
 .bss.xFreeBytesRemaining
                0x20012f34        0x4 ./FreeRTOS/portable/MemMang/heap_4.o
 .bss.xMinimumEverFreeBytesRemaining
                0x20012f38        0x4 ./FreeRTOS/portable/MemMang/heap_4.o
 .bss.xBlockAllocatedBit
                0x20012f3c        0x4 ./FreeRTOS/portable/MemMang/heap_4.o
 *(COMMON)
                0x20012f40                        . = ALIGN (0x4)
                0x20012f40                        _ebss = .
                0x20012f40                        __bss_end__ = _ebss

._user_heap_stack
                0x20012f40      0x600
                0x20012f40                        . = ALIGN (0x8)
                [!provide]                        PROVIDE (end = .)
                0x20012f40                        PROVIDE (_end = .)
                0x20013140                        . = (. + _Min_Heap_Size)
 *fill*         0x20012f40      0x200 
                0x20013540                        . = (. + _Min_Stack_Size)
 *fill*         0x20013140      0x400 
                0x20013540                        . = ALIGN (0x8)

/DISCARD/
 libc.a(*)
 libm.a(*)
 libgcc.a(*)

.ARM.attributes
                0x00000000       0x30
 *(.ARM.attributes)
 .ARM.attributes
                0x00000000       0x22 C:/ST/STM32CubeIDE_1.17.0/STM32CubeIDE/plugins/com.st.stm32cube.ide.mcu.externaltools.gnu-tools-for-stm32.12.3.rel1.win32_1.1.0.202410251130/tools/bin/../lib/gcc/arm-none-eabi/12.3.1/thumb/v7e-m+fp/hard/crti.o
 .ARM.attributes
                0x00000022       0x34 C:/ST/STM32CubeIDE_1.17.0/STM32CubeIDE/plugins/com.st.stm32cube.ide.mcu.externaltools.gnu-tools-for-stm32.12.3.rel1.win32_1.1.0.202410251130/tools/bin/../lib/gcc/arm-none-eabi/12.3.1/thumb/v7e-m+fp/hard/crtbegin.o
 .ARM.attributes
                0x00000056       0x34 ./Core/Src/main.o
 .ARM.attributes
                0x0000008a       0x34 ./Core/Src/stm32f4xx_hal_msp.o
 .ARM.attributes
                0x000000be       0x34 ./Core/Src/stm32f4xx_hal_timebase_tim.o
 .ARM.attributes
                0x000000f2       0x34 ./Core/Src/stm32f4xx_it.o
 .ARM.attributes
                0x00000126       0x34 ./Core/Src/system_stm32f4xx.o
 .ARM.attributes
                0x0000015a       0x21 ./Core/Startup/startup_stm32f407vgtx.o
 .ARM.attributes
                0x0000017b       0x34 ./Drivers/STM32F4xx_HAL_Driver/Src/stm32f4xx_hal.o
 .ARM.attributes
                0x000001af       0x34 ./Drivers/STM32F4xx_HAL_Driver/Src/stm32f4xx_hal_cortex.o
 .ARM.attributes
                0x000001e3       0x34 ./Drivers/STM32F4xx_HAL_Driver/Src/stm32f4xx_hal_gpio.o
 .ARM.attributes
                0x00000217       0x34 ./Drivers/STM32F4xx_HAL_Driver/Src/stm32f4xx_hal_rcc.o
 .ARM.attributes
                0x0000024b       0x34 ./Drivers/STM32F4xx_HAL_Driver/Src/stm32f4xx_hal_spi.o
 .ARM.attributes
                0x0000027f       0x34 ./Drivers/STM32F4xx_HAL_Driver/Src/stm32f4xx_hal_tim.o
 .ARM.attributes
                0x000002b3       0x34 ./Drivers/STM32F4xx_HAL_Driver/Src/stm32f4xx_hal_tim_ex.o
 .ARM.attributes
                0x000002e7       0x34 ./FreeRTOS/list.o
 .ARM.attributes
                0x0000031b       0x34 ./FreeRTOS/queue.o
 .ARM.attributes
                0x0000034f       0x34 ./FreeRTOS/tasks.o
 .ARM.attributes
                0x00000383       0x34 ./FreeRTOS/timers.o
 .ARM.attributes
                0x000003b7       0x34 ./FreeRTOS/portable/ARM_CM4F/port.o
 .ARM.attributes
                0x000003eb       0x34 ./FreeRTOS/portable/MemMang/heap_4.o
 .ARM.attributes
                0x0000041f       0x34 C:/ST/STM32CubeIDE_1.17.0/STM32CubeIDE/plugins/com.st.stm32cube.ide.mcu.externaltools.gnu-tools-for-stm32.12.3.rel1.win32_1.1.0.202410251130/tools/bin/../lib/gcc/arm-none-eabi/12.3.1/../../../../arm-none-eabi/lib/thumb/v7e-m+fp/hard\libc_nano.a(libc_a-memset.o)
 .ARM.attributes
                0x00000453       0x34 C:/ST/STM32CubeIDE_1.17.0/STM32CubeIDE/plugins/com.st.stm32cube.ide.mcu.externaltools.gnu-tools-for-stm32.12.3.rel1.win32_1.1.0.202410251130/tools/bin/../lib/gcc/arm-none-eabi/12.3.1/../../../../arm-none-eabi/lib/thumb/v7e-m+fp/hard\libc_nano.a(libc_a-init.o)
 .ARM.attributes
                0x00000487       0x34 C:/ST/STM32CubeIDE_1.17.0/STM32CubeIDE/plugins/com.st.stm32cube.ide.mcu.externaltools.gnu-tools-for-stm32.12.3.rel1.win32_1.1.0.202410251130/tools/bin/../lib/gcc/arm-none-eabi/12.3.1/../../../../arm-none-eabi/lib/thumb/v7e-m+fp/hard\libc_nano.a(libc_a-memcpy-stub.o)
 .ARM.attributes
                0x000004bb       0x22 C:/ST/STM32CubeIDE_1.17.0/STM32CubeIDE/plugins/com.st.stm32cube.ide.mcu.externaltools.gnu-tools-for-stm32.12.3.rel1.win32_1.1.0.202410251130/tools/bin/../lib/gcc/arm-none-eabi/12.3.1/thumb/v7e-m+fp/hard\libgcc.a(_aeabi_uldivmod.o)
 .ARM.attributes
                0x000004dd       0x34 C:/ST/STM32CubeIDE_1.17.0/STM32CubeIDE/plugins/com.st.stm32cube.ide.mcu.externaltools.gnu-tools-for-stm32.12.3.rel1.win32_1.1.0.202410251130/tools/bin/../lib/gcc/arm-none-eabi/12.3.1/thumb/v7e-m+fp/hard\libgcc.a(_udivmoddi4.o)
 .ARM.attributes
                0x00000511       0x22 C:/ST/STM32CubeIDE_1.17.0/STM32CubeIDE/plugins/com.st.stm32cube.ide.mcu.externaltools.gnu-tools-for-stm32.12.3.rel1.win32_1.1.0.202410251130/tools/bin/../lib/gcc/arm-none-eabi/12.3.1/thumb/v7e-m+fp/hard\libgcc.a(_dvmd_tls.o)
 .ARM.attributes
                0x00000533       0x22 C:/ST/STM32CubeIDE_1.17.0/STM32CubeIDE/plugins/com.st.stm32cube.ide.mcu.externaltools.gnu-tools-for-stm32.12.3.rel1.win32_1.1.0.202410251130/tools/bin/../lib/gcc/arm-none-eabi/12.3.1/thumb/v7e-m+fp/hard/crtn.o
OUTPUT(lab_3.elf elf32-littlearm)
LOAD linker stubs
LOAD C:/ST/STM32CubeIDE_1.17.0/STM32CubeIDE/plugins/com.st.stm32cube.ide.mcu.externaltools.gnu-tools-for-stm32.12.3.rel1.win32_1.1.0.202410251130/tools/bin/../lib/gcc/arm-none-eabi/12.3.1/../../../../arm-none-eabi/lib/thumb/v7e-m+fp/hard\libc.a
LOAD C:/ST/STM32CubeIDE_1.17.0/STM32CubeIDE/plugins/com.st.stm32cube.ide.mcu.externaltools.gnu-tools-for-stm32.12.3.rel1.win32_1.1.0.202410251130/tools/bin/../lib/gcc/arm-none-eabi/12.3.1/../../../../arm-none-eabi/lib/thumb/v7e-m+fp/hard\libm.a
LOAD C:/ST/STM32CubeIDE_1.17.0/STM32CubeIDE/plugins/com.st.stm32cube.ide.mcu.externaltools.gnu-tools-for-stm32.12.3.rel1.win32_1.1.0.202410251130/tools/bin/../lib/gcc/arm-none-eabi/12.3.1/thumb/v7e-m+fp/hard\libgcc.a

.debug_info     0x00000000     0xff8f
 .debug_info    0x00000000     0x15be ./Core/Src/main.o
 .debug_info    0x000015be      0x919 ./Core/Src/stm32f4xx_hal_msp.o
 .debug_info    0x00001ed7      0xbee ./Core/Src/stm32f4xx_hal_timebase_tim.o
 .debug_info    0x00002ac5      0x6ab ./Core/Src/stm32f4xx_it.o
 .debug_info    0x00003170      0x512 ./Core/Src/system_stm32f4xx.o
 .debug_info    0x00003682       0x30 ./Core/Startup/startup_stm32f407vgtx.o
 .debug_info    0x000036b2      0x944 ./Drivers/STM32F4xx_HAL_Driver/Src/stm32f4xx_hal.o
 .debug_info    0x00003ff6      0xd8c ./Drivers/STM32F4xx_HAL_Driver/Src/stm32f4xx_hal_cortex.o
 .debug_info    0x00004d82      0x6c3 ./Drivers/STM32F4xx_HAL_Driver/Src/stm32f4xx_hal_gpio.o
 .debug_info    0x00005445      0x8c3 ./Drivers/STM32F4xx_HAL_Driver/Src/stm32f4xx_hal_rcc.o
 .debug_info    0x00005d08     0x1525 ./Drivers/STM32F4xx_HAL_Driver/Src/stm32f4xx_hal_spi.o
 .debug_info    0x0000722d     0x299d ./Drivers/STM32F4xx_HAL_Driver/Src/stm32f4xx_hal_tim.o
 .debug_info    0x00009bca     0x14db ./Drivers/STM32F4xx_HAL_Driver/Src/stm32f4xx_hal_tim_ex.o
 .debug_info    0x0000b0a5      0x2af ./FreeRTOS/list.o
 .debug_info    0x0000b354     0x1740 ./FreeRTOS/queue.o
 .debug_info    0x0000ca94     0x1e4f ./FreeRTOS/tasks.o
 .debug_info    0x0000e8e3      0xdec ./FreeRTOS/timers.o
 .debug_info    0x0000f6cf      0x4fb ./FreeRTOS/portable/ARM_CM4F/port.o
 .debug_info    0x0000fbca      0x3c5 ./FreeRTOS/portable/MemMang/heap_4.o

.debug_abbrev   0x00000000     0x29b6
 .debug_abbrev  0x00000000      0x324 ./Core/Src/main.o
 .debug_abbrev  0x00000324      0x1ae ./Core/Src/stm32f4xx_hal_msp.o
 .debug_abbrev  0x000004d2      0x1f4 ./Core/Src/stm32f4xx_hal_timebase_tim.o
 .debug_abbrev  0x000006c6      0x17d ./Core/Src/stm32f4xx_it.o
 .debug_abbrev  0x00000843      0x11a ./Core/Src/system_stm32f4xx.o
 .debug_abbrev  0x0000095d       0x24 ./Core/Startup/startup_stm32f407vgtx.o
 .debug_abbrev  0x00000981      0x214 ./Drivers/STM32F4xx_HAL_Driver/Src/stm32f4xx_hal.o
 .debug_abbrev  0x00000b95      0x31d ./Drivers/STM32F4xx_HAL_Driver/Src/stm32f4xx_hal_cortex.o
 .debug_abbrev  0x00000eb2      0x1d4 ./Drivers/STM32F4xx_HAL_Driver/Src/stm32f4xx_hal_gpio.o
 .debug_abbrev  0x00001086      0x2b7 ./Drivers/STM32F4xx_HAL_Driver/Src/stm32f4xx_hal_rcc.o
 .debug_abbrev  0x0000133d      0x27a ./Drivers/STM32F4xx_HAL_Driver/Src/stm32f4xx_hal_spi.o
 .debug_abbrev  0x000015b7      0x278 ./Drivers/STM32F4xx_HAL_Driver/Src/stm32f4xx_hal_tim.o
 .debug_abbrev  0x0000182f      0x283 ./Drivers/STM32F4xx_HAL_Driver/Src/stm32f4xx_hal_tim_ex.o
 .debug_abbrev  0x00001ab2       0xf5 ./FreeRTOS/list.o
 .debug_abbrev  0x00001ba7      0x352 ./FreeRTOS/queue.o
 .debug_abbrev  0x00001ef9      0x37e ./FreeRTOS/tasks.o
 .debug_abbrev  0x00002277      0x2de ./FreeRTOS/timers.o
 .debug_abbrev  0x00002555      0x25c ./FreeRTOS/portable/ARM_CM4F/port.o
 .debug_abbrev  0x000027b1      0x205 ./FreeRTOS/portable/MemMang/heap_4.o

.debug_aranges  0x00000000     0x1078
 .debug_aranges
                0x00000000       0x78 ./Core/Src/main.o
 .debug_aranges
                0x00000078       0x30 ./Core/Src/stm32f4xx_hal_msp.o
 .debug_aranges
                0x000000a8       0x30 ./Core/Src/stm32f4xx_hal_timebase_tim.o
 .debug_aranges
                0x000000d8       0x50 ./Core/Src/stm32f4xx_it.o
 .debug_aranges
                0x00000128       0x28 ./Core/Src/system_stm32f4xx.o
 .debug_aranges
                0x00000150       0x28 ./Core/Startup/startup_stm32f407vgtx.o
 .debug_aranges
                0x00000178       0xf0 ./Drivers/STM32F4xx_HAL_Driver/Src/stm32f4xx_hal.o
 .debug_aranges
                0x00000268      0x130 ./Drivers/STM32F4xx_HAL_Driver/Src/stm32f4xx_hal_cortex.o
 .debug_aranges
                0x00000398       0x58 ./Drivers/STM32F4xx_HAL_Driver/Src/stm32f4xx_hal_gpio.o
 .debug_aranges
                0x000003f0       0x88 ./Drivers/STM32F4xx_HAL_Driver/Src/stm32f4xx_hal_rcc.o
 .debug_aranges
                0x00000478      0x1d0 ./Drivers/STM32F4xx_HAL_Driver/Src/stm32f4xx_hal_spi.o
 .debug_aranges
                0x00000648      0x3d0 ./Drivers/STM32F4xx_HAL_Driver/Src/stm32f4xx_hal_tim.o
 .debug_aranges
                0x00000a18      0x168 ./Drivers/STM32F4xx_HAL_Driver/Src/stm32f4xx_hal_tim_ex.o
 .debug_aranges
                0x00000b80       0x40 ./FreeRTOS/list.o
 .debug_aranges
                0x00000bc0      0x130 ./FreeRTOS/queue.o
 .debug_aranges
                0x00000cf0      0x1e8 ./FreeRTOS/tasks.o
 .debug_aranges
                0x00000ed8       0xd0 ./FreeRTOS/timers.o
 .debug_aranges
                0x00000fa8       0x80 ./FreeRTOS/portable/ARM_CM4F/port.o
 .debug_aranges
                0x00001028       0x50 ./FreeRTOS/portable/MemMang/heap_4.o

.debug_rnglists
                0x00000000      0xcb6
 .debug_rnglists
                0x00000000       0x59 ./Core/Src/main.o
 .debug_rnglists
                0x00000059       0x20 ./Core/Src/stm32f4xx_hal_msp.o
 .debug_rnglists
                0x00000079       0x20 ./Core/Src/stm32f4xx_hal_timebase_tim.o
 .debug_rnglists
                0x00000099       0x37 ./Core/Src/stm32f4xx_it.o
 .debug_rnglists
                0x000000d0       0x1a ./Core/Src/system_stm32f4xx.o
 .debug_rnglists
                0x000000ea       0x19 ./Core/Startup/startup_stm32f407vgtx.o
 .debug_rnglists
                0x00000103       0xaf ./Drivers/STM32F4xx_HAL_Driver/Src/stm32f4xx_hal.o
 .debug_rnglists
                0x000001b2       0xe0 ./Drivers/STM32F4xx_HAL_Driver/Src/stm32f4xx_hal_cortex.o
 .debug_rnglists
                0x00000292       0x3f ./Drivers/STM32F4xx_HAL_Driver/Src/stm32f4xx_hal_gpio.o
 .debug_rnglists
                0x000002d1       0x66 ./Drivers/STM32F4xx_HAL_Driver/Src/stm32f4xx_hal_rcc.o
 .debug_rnglists
                0x00000337      0x16f ./Drivers/STM32F4xx_HAL_Driver/Src/stm32f4xx_hal_spi.o
 .debug_rnglists
                0x000004a6      0x31a ./Drivers/STM32F4xx_HAL_Driver/Src/stm32f4xx_hal_tim.o
 .debug_rnglists
                0x000007c0      0x125 ./Drivers/STM32F4xx_HAL_Driver/Src/stm32f4xx_hal_tim_ex.o
 .debug_rnglists
                0x000008e5       0x2b ./FreeRTOS/list.o
 .debug_rnglists
                0x00000910       0xea ./FreeRTOS/queue.o
 .debug_rnglists
                0x000009fa      0x187 ./FreeRTOS/tasks.o
 .debug_rnglists
                0x00000b81       0x9d ./FreeRTOS/timers.o
 .debug_rnglists
                0x00000c1e       0x5d ./FreeRTOS/portable/ARM_CM4F/port.o
 .debug_rnglists
                0x00000c7b       0x3b ./FreeRTOS/portable/MemMang/heap_4.o

.debug_macro    0x00000000    0x2222c
 .debug_macro   0x00000000      0x2eb ./Core/Src/main.o
 .debug_macro   0x000002eb      0xab4 ./Core/Src/main.o
 .debug_macro   0x00000d9f      0x29b ./Core/Src/main.o
 .debug_macro   0x0000103a       0x2e ./Core/Src/main.o
 .debug_macro   0x00001068       0x2f ./Core/Src/main.o
 .debug_macro   0x00001097       0x22 ./Core/Src/main.o
 .debug_macro   0x000010b9       0x8e ./Core/Src/main.o
 .debug_macro   0x00001147       0x51 ./Core/Src/main.o
 .debug_macro   0x00001198      0x103 ./Core/Src/main.o
 .debug_macro   0x0000129b       0x6a ./Core/Src/main.o
 .debug_macro   0x00001305      0x1df ./Core/Src/main.o
 .debug_macro   0x000014e4       0x1c ./Core/Src/main.o
 .debug_macro   0x00001500       0x22 ./Core/Src/main.o
 .debug_macro   0x00001522       0xfb ./Core/Src/main.o
 .debug_macro   0x0000161d     0x1011 ./Core/Src/main.o
 .debug_macro   0x0000262e      0x11f ./Core/Src/main.o
 .debug_macro   0x0000274d    0x15ea5 ./Core/Src/main.o
 .debug_macro   0x000185f2       0x6d ./Core/Src/main.o
 .debug_macro   0x0001865f     0x3693 ./Core/Src/main.o
 .debug_macro   0x0001bcf2      0x189 ./Core/Src/main.o
 .debug_macro   0x0001be7b       0x5c ./Core/Src/main.o
 .debug_macro   0x0001bed7      0x980 ./Core/Src/main.o
 .debug_macro   0x0001c857      0x9e9 ./Core/Src/main.o
 .debug_macro   0x0001d240      0x115 ./Core/Src/main.o
 .debug_macro   0x0001d355      0x13e ./Core/Src/main.o
 .debug_macro   0x0001d493       0xa5 ./Core/Src/main.o
 .debug_macro   0x0001d538      0x174 ./Core/Src/main.o
 .debug_macro   0x0001d6ac      0x287 ./Core/Src/main.o
 .debug_macro   0x0001d933       0x5f ./Core/Src/main.o
 .debug_macro   0x0001d992      0x236 ./Core/Src/main.o
 .debug_macro   0x0001dbc8      0x12c ./Core/Src/main.o
 .debug_macro   0x0001dcf4      0x21e ./Core/Src/main.o
 .debug_macro   0x0001df12       0x2e ./Core/Src/main.o
 .debug_macro   0x0001df40      0x127 ./Core/Src/main.o
 .debug_macro   0x0001e067       0x7e ./Core/Src/main.o
 .debug_macro   0x0001e0e5       0x89 ./Core/Src/main.o
 .debug_macro   0x0001e16e      0x225 ./Core/Src/main.o
 .debug_macro   0x0001e393      0x8ed ./Core/Src/main.o
 .debug_macro   0x0001ec80       0x4d ./Core/Src/main.o
 .debug_macro   0x0001eccd      0x12d ./Core/Src/main.o
 .debug_macro   0x0001edfa      0x178 ./Core/Src/main.o
 .debug_macro   0x0001ef72      0x106 ./Core/Src/main.o
 .debug_macro   0x0001f078      0x15a ./Core/Src/main.o
 .debug_macro   0x0001f1d2       0xe4 ./Core/Src/main.o
 .debug_macro   0x0001f2b6       0x1c ./Core/Src/main.o
 .debug_macro   0x0001f2d2       0x26 ./Core/Src/main.o
 .debug_macro   0x0001f2f8      0x4d3 ./Core/Src/main.o
 .debug_macro   0x0001f7cb       0xbc ./Core/Src/main.o
 .debug_macro   0x0001f887       0xaa ./Core/Src/main.o
 .debug_macro   0x0001f931       0x80 ./Core/Src/main.o
 .debug_macro   0x0001f9b1       0x7e ./Core/Src/main.o
 .debug_macro   0x0001fa2f      0x1dd ./Core/Src/stm32f4xx_hal_msp.o
 .debug_macro   0x0001fc0c      0x1ce ./Core/Src/stm32f4xx_hal_timebase_tim.o
 .debug_macro   0x0001fdda      0x1e7 ./Core/Src/stm32f4xx_it.o
 .debug_macro   0x0001ffc1      0x1ce ./Core/Src/system_stm32f4xx.o
 .debug_macro   0x0002018f      0x22e ./Drivers/STM32F4xx_HAL_Driver/Src/stm32f4xx_hal.o
 .debug_macro   0x000203bd      0x1ce ./Drivers/STM32F4xx_HAL_Driver/Src/stm32f4xx_hal_cortex.o
 .debug_macro   0x0002058b      0x1d4 ./Drivers/STM32F4xx_HAL_Driver/Src/stm32f4xx_hal_gpio.o
 .debug_macro   0x0002075f      0x1f2 ./Drivers/STM32F4xx_HAL_Driver/Src/stm32f4xx_hal_rcc.o
 .debug_macro   0x00020951      0x1dd ./Drivers/STM32F4xx_HAL_Driver/Src/stm32f4xx_hal_spi.o
 .debug_macro   0x00020b2e      0x1cf ./Drivers/STM32F4xx_HAL_Driver/Src/stm32f4xx_hal_tim.o
 .debug_macro   0x00020cfd      0x1ce ./Drivers/STM32F4xx_HAL_Driver/Src/stm32f4xx_hal_tim_ex.o
 .debug_macro   0x00020ecb      0x187 ./FreeRTOS/list.o
 .debug_macro   0x00021052      0x37c ./FreeRTOS/queue.o
 .debug_macro   0x000213ce       0x16 ./FreeRTOS/queue.o
 .debug_macro   0x000213e4       0x20 ./FreeRTOS/queue.o
 .debug_macro   0x00021404      0x413 ./FreeRTOS/tasks.o
 .debug_macro   0x00021817       0x1c ./FreeRTOS/tasks.o
 .debug_macro   0x00021833       0x10 ./FreeRTOS/tasks.o
 .debug_macro   0x00021843      0x342 ./FreeRTOS/timers.o
 .debug_macro   0x00021b85       0x97 ./FreeRTOS/timers.o
 .debug_macro   0x00021c1c      0x2fc ./FreeRTOS/portable/ARM_CM4F/port.o
 .debug_macro   0x00021f18      0x314 ./FreeRTOS/portable/MemMang/heap_4.o

.debug_line     0x00000000    0x131b3
 .debug_line    0x00000000      0xb3e ./Core/Src/main.o
 .debug_line    0x00000b3e      0x792 ./Core/Src/stm32f4xx_hal_msp.o
 .debug_line    0x000012d0      0x7c1 ./Core/Src/stm32f4xx_hal_timebase_tim.o
 .debug_line    0x00001a91      0x7e2 ./Core/Src/stm32f4xx_it.o
 .debug_line    0x00002273      0x7bb ./Core/Src/system_stm32f4xx.o
 .debug_line    0x00002a2e       0x7a ./Core/Startup/startup_stm32f407vgtx.o
 .debug_line    0x00002aa8      0xa33 ./Drivers/STM32F4xx_HAL_Driver/Src/stm32f4xx_hal.o
 .debug_line    0x000034db      0xd25 ./Drivers/STM32F4xx_HAL_Driver/Src/stm32f4xx_hal_cortex.o
 .debug_line    0x00004200      0xbbf ./Drivers/STM32F4xx_HAL_Driver/Src/stm32f4xx_hal_gpio.o
 .debug_line    0x00004dbf      0xdbe ./Drivers/STM32F4xx_HAL_Driver/Src/stm32f4xx_hal_rcc.o
 .debug_line    0x00005b7d     0x1d57 ./Drivers/STM32F4xx_HAL_Driver/Src/stm32f4xx_hal_spi.o
 .debug_line    0x000078d4     0x37cf ./Drivers/STM32F4xx_HAL_Driver/Src/stm32f4xx_hal_tim.o
 .debug_line    0x0000b0a3     0x1a29 ./Drivers/STM32F4xx_HAL_Driver/Src/stm32f4xx_hal_tim_ex.o
 .debug_line    0x0000cacc      0x77f ./FreeRTOS/list.o
 .debug_line    0x0000d24b     0x18a7 ./FreeRTOS/queue.o
 .debug_line    0x0000eaf2     0x1efb ./FreeRTOS/tasks.o
 .debug_line    0x000109ed      0xfd7 ./FreeRTOS/timers.o
 .debug_line    0x000119c4      0xb93 ./FreeRTOS/portable/ARM_CM4F/port.o
 .debug_line    0x00012557      0xc5c ./FreeRTOS/portable/MemMang/heap_4.o

.debug_str      0x00000000    0xd2bc9
 .debug_str     0x00000000    0xc97f4 ./Core/Src/main.o
                              0xc9be5 (size before relaxing)
 .debug_str     0x000c97f4       0x63 ./Core/Src/stm32f4xx_hal_msp.o
                              0xc412d (size before relaxing)
 .debug_str     0x000c9857      0x107 ./Core/Src/stm32f4xx_hal_timebase_tim.o
                              0xc41ce (size before relaxing)
 .debug_str     0x000c995e       0xb5 ./Core/Src/stm32f4xx_it.o
                              0xc40df (size before relaxing)
 .debug_str     0x000c9a13       0xdb ./Core/Src/system_stm32f4xx.o
                              0xc36d7 (size before relaxing)
 .debug_str     0x000c9aee       0x44 ./Core/Startup/startup_stm32f407vgtx.o
                                 0x7d (size before relaxing)
 .debug_str     0x000c9b32      0x5c9 ./Drivers/STM32F4xx_HAL_Driver/Src/stm32f4xx_hal.o
                              0xc425b (size before relaxing)
 .debug_str     0x000ca0fb      0x36b ./Drivers/STM32F4xx_HAL_Driver/Src/stm32f4xx_hal_cortex.o
                              0xc3fd7 (size before relaxing)
 .debug_str     0x000ca466       0xb8 ./Drivers/STM32F4xx_HAL_Driver/Src/stm32f4xx_hal_gpio.o
                              0xc3852 (size before relaxing)
 .debug_str     0x000ca51e      0x1fd ./Drivers/STM32F4xx_HAL_Driver/Src/stm32f4xx_hal_rcc.o
                              0xc3b0b (size before relaxing)
 .debug_str     0x000ca71b      0x576 ./Drivers/STM32F4xx_HAL_Driver/Src/stm32f4xx_hal_spi.o
                              0xc3f95 (size before relaxing)
 .debug_str     0x000cac91      0xe41 ./Drivers/STM32F4xx_HAL_Driver/Src/stm32f4xx_hal_tim.o
                              0xc4a61 (size before relaxing)
 .debug_str     0x000cbad2      0x503 ./Drivers/STM32F4xx_HAL_Driver/Src/stm32f4xx_hal_tim_ex.o
                              0xc426d (size before relaxing)
 .debug_str     0x000cbfd5     0x32dc ./FreeRTOS/list.o
                               0xab2f (size before relaxing)
 .debug_str     0x000cf2b1      0xaba ./FreeRTOS/queue.o
                              0xcb863 (size before relaxing)
 .debug_str     0x000cfd6b     0x1ffc ./FreeRTOS/tasks.o
                              0xcca5a (size before relaxing)
 .debug_str     0x000d1d67      0x4e7 ./FreeRTOS/timers.o
                              0xcbc14 (size before relaxing)
 .debug_str     0x000d224e      0x760 ./FreeRTOS/portable/ARM_CM4F/port.o
                              0xc7c00 (size before relaxing)
 .debug_str     0x000d29ae      0x21b ./FreeRTOS/portable/MemMang/heap_4.o
                              0xca7b7 (size before relaxing)

.comment        0x00000000       0x43
 .comment       0x00000000       0x43 ./Core/Src/main.o
                                 0x44 (size before relaxing)
 .comment       0x00000043       0x44 ./Core/Src/stm32f4xx_hal_msp.o
 .comment       0x00000043       0x44 ./Core/Src/stm32f4xx_hal_timebase_tim.o
 .comment       0x00000043       0x44 ./Core/Src/stm32f4xx_it.o
 .comment       0x00000043       0x44 ./Core/Src/system_stm32f4xx.o
 .comment       0x00000043       0x44 ./Drivers/STM32F4xx_HAL_Driver/Src/stm32f4xx_hal.o
 .comment       0x00000043       0x44 ./Drivers/STM32F4xx_HAL_Driver/Src/stm32f4xx_hal_cortex.o
 .comment       0x00000043       0x44 ./Drivers/STM32F4xx_HAL_Driver/Src/stm32f4xx_hal_gpio.o
 .comment       0x00000043       0x44 ./Drivers/STM32F4xx_HAL_Driver/Src/stm32f4xx_hal_rcc.o
 .comment       0x00000043       0x44 ./Drivers/STM32F4xx_HAL_Driver/Src/stm32f4xx_hal_spi.o
 .comment       0x00000043       0x44 ./Drivers/STM32F4xx_HAL_Driver/Src/stm32f4xx_hal_tim.o
 .comment       0x00000043       0x44 ./Drivers/STM32F4xx_HAL_Driver/Src/stm32f4xx_hal_tim_ex.o
 .comment       0x00000043       0x44 ./FreeRTOS/list.o
 .comment       0x00000043       0x44 ./FreeRTOS/queue.o
 .comment       0x00000043       0x44 ./FreeRTOS/tasks.o
 .comment       0x00000043       0x44 ./FreeRTOS/timers.o
 .comment       0x00000043       0x44 ./FreeRTOS/portable/ARM_CM4F/port.o
 .comment       0x00000043       0x44 ./FreeRTOS/portable/MemMang/heap_4.o

.debug_frame    0x00000000     0x44d0
 .debug_frame   0x00000000      0x19c ./Core/Src/main.o
 .debug_frame   0x0000019c       0x80 ./Core/Src/stm32f4xx_hal_msp.o
 .debug_frame   0x0000021c       0x74 ./Core/Src/stm32f4xx_hal_timebase_tim.o
 .debug_frame   0x00000290       0xc4 ./Core/Src/stm32f4xx_it.o
 .debug_frame   0x00000354       0x58 ./Core/Src/system_stm32f4xx.o
 .debug_frame   0x000003ac      0x374 ./Drivers/STM32F4xx_HAL_Driver/Src/stm32f4xx_hal.o
 .debug_frame   0x00000720      0x508 ./Drivers/STM32F4xx_HAL_Driver/Src/stm32f4xx_hal_cortex.o
 .debug_frame   0x00000c28      0x14c ./Drivers/STM32F4xx_HAL_Driver/Src/stm32f4xx_hal_gpio.o
 .debug_frame   0x00000d74      0x1f4 ./Drivers/STM32F4xx_HAL_Driver/Src/stm32f4xx_hal_rcc.o
 .debug_frame   0x00000f68      0x828 ./Drivers/STM32F4xx_HAL_Driver/Src/stm32f4xx_hal_spi.o
 .debug_frame   0x00001790     0x11c0 ./Drivers/STM32F4xx_HAL_Driver/Src/stm32f4xx_hal_tim.o
 .debug_frame   0x00002950      0x638 ./Drivers/STM32F4xx_HAL_Driver/Src/stm32f4xx_hal_tim_ex.o
 .debug_frame   0x00002f88       0xd8 ./FreeRTOS/list.o
 .debug_frame   0x00003060      0x530 ./FreeRTOS/queue.o
 .debug_frame   0x00003590      0x854 ./FreeRTOS/tasks.o
 .debug_frame   0x00003de4      0x368 ./FreeRTOS/timers.o
 .debug_frame   0x0000414c      0x1a8 ./FreeRTOS/portable/ARM_CM4F/port.o
 .debug_frame   0x000042f4      0x108 ./FreeRTOS/portable/MemMang/heap_4.o
 .debug_frame   0x000043fc       0x20 C:/ST/STM32CubeIDE_1.17.0/STM32CubeIDE/plugins/com.st.stm32cube.ide.mcu.externaltools.gnu-tools-for-stm32.12.3.rel1.win32_1.1.0.202410251130/tools/bin/../lib/gcc/arm-none-eabi/12.3.1/../../../../arm-none-eabi/lib/thumb/v7e-m+fp/hard\libc_nano.a(libc_a-memset.o)
 .debug_frame   0x0000441c       0x2c C:/ST/STM32CubeIDE_1.17.0/STM32CubeIDE/plugins/com.st.stm32cube.ide.mcu.externaltools.gnu-tools-for-stm32.12.3.rel1.win32_1.1.0.202410251130/tools/bin/../lib/gcc/arm-none-eabi/12.3.1/../../../../arm-none-eabi/lib/thumb/v7e-m+fp/hard\libc_nano.a(libc_a-init.o)
 .debug_frame   0x00004448       0x28 C:/ST/STM32CubeIDE_1.17.0/STM32CubeIDE/plugins/com.st.stm32cube.ide.mcu.externaltools.gnu-tools-for-stm32.12.3.rel1.win32_1.1.0.202410251130/tools/bin/../lib/gcc/arm-none-eabi/12.3.1/../../../../arm-none-eabi/lib/thumb/v7e-m+fp/hard\libc_nano.a(libc_a-memcpy-stub.o)
 .debug_frame   0x00004470       0x2c C:/ST/STM32CubeIDE_1.17.0/STM32CubeIDE/plugins/com.st.stm32cube.ide.mcu.externaltools.gnu-tools-for-stm32.12.3.rel1.win32_1.1.0.202410251130/tools/bin/../lib/gcc/arm-none-eabi/12.3.1/thumb/v7e-m+fp/hard\libgcc.a(_aeabi_uldivmod.o)
 .debug_frame   0x0000449c       0x34 C:/ST/STM32CubeIDE_1.17.0/STM32CubeIDE/plugins/com.st.stm32cube.ide.mcu.externaltools.gnu-tools-for-stm32.12.3.rel1.win32_1.1.0.202410251130/tools/bin/../lib/gcc/arm-none-eabi/12.3.1/thumb/v7e-m+fp/hard\libgcc.a(_udivmoddi4.o)

.debug_line_str
                0x00000000       0x61
 .debug_line_str
                0x00000000       0x61 ./Core/Startup/startup_stm32f407vgtx.o
