../Core/Src/main.c:101:6:LogOperation	2
../Core/Src/main.c:112:6:PrintLogFile	4
../Core/Src/main.c:137:6:LogTask	6
../Core/Src/main.c:184:6:buttonState	4
../Core/Src/main.c:207:14:getButtonEvent	13
../Core/Src/main.c:275:6:ButtonTask	17
../Core/Src/main.c:354:6:AudioPlayerTask	3
../Core/Src/main.c:372:6:HAL_GPIO_EXTI_Callback	3
../Core/Src/main.c:385:5:main	3
../Core/Src/main.c:448:6:SystemClock_Config	3
../Core/Src/main.c:494:13:MX_I2C1_Init	2
../Core/Src/main.c:528:13:MX_I2S3_Init	2
../Core/Src/main.c:562:13:MX_SPI2_Init	2
../Core/Src/main.c:600:13:MX_USART2_UART_Init	2
../Core/Src/main.c:631:13:MX_DMA_Init	1
../Core/Src/main.c:649:13:MX_GPIO_Init	1
../Core/Src/main.c:697:6:HAL_TIM_PeriodElapsedCallback	2
../Core/Src/main.c:714:6:Error_Handler	1
