../Core/Src/main.c:61:6:TaskMonitor_App	16	static
../Core/Src/main.c:68:6:Red_LED_App	24	static
../Core/Src/main.c:77:6:Green_LED_App	24	static
../Core/Src/main.c:86:6:Delay_App	24	static
../Core/Src/main.c:105:5:main	16	static
../Core/Src/main.c:155:6:SystemClock_Config	88	static
../Core/Src/main.c:202:13:MX_USART2_UART_Init	8	static
../Core/Src/main.c:235:13:MX_GPIO_Init	56	static
../Core/Src/main.c:384:6:HAL_TIM_PeriodElapsedCallback	16	static
../Core/Src/main.c:401:6:Error_Handler	4	static,ignoring_inline_asm
